error: at 33:5: [PS-UseBeforeInit] In function 'read_of_uninit_local', block 'entry': variable 'x' is used before initialization
    |
 32 |   entry:
 33 |     y = copy x;
    |     ^^^^^^^^^^
 34 |     return
    |
error: at 46:5: [PS-UseBeforeInit] In function 'read_of_uninit_empty_struct', block 'entry': variable 'u' is used before initialization
    |
 45 |   entry:
 46 |     v = copy u;
    |     ^^^^^^^^^^
 47 |     return
    |
error: at 57:5: [PS-UseBeforeInit] In function 'drop_of_uninit', block 'entry': variable 'x' is used before initialization
    |
 56 |   entry:
 57 |     drop x;
    |     ^^^^^^
 58 |     return
    |
error: at 68:5: [PS-UseBeforeInit] In function 'call_arg_uninit', block 'entry': variable 'x' is used before initialization
    |
 67 |   entry:
 68 |     call takes_num(copy x);
    |     ^^^^^^^^^^^^^^^^^^^^^^
 69 |     return
    |
error: at 79:5: [PS-UseBeforeInit] In function 'call_target_uninit', block 'entry': variable 'g' is used before initialization
    |
 78 |   entry:
 79 |     call copy g(1);
    |     ^^^^^^^^^^^^^^
 80 |     return
    |
error: at 93:5: [PS-UseAfterMove] In function 'read_after_move', block 'entry': variable 'x' is used after move
    |
 92 |     y = move x;
 93 |     z = move x;
    |     ^^^^^^^^^^
 94 |     return
    |
error: at 106:5: [PS-UseAfterMove] In function 'move_then_move', block 'entry': variable 'x' is used after move
     |
 105 |     y = move x;
 106 |     z = move x;
     |     ^^^^^^^^^^
 107 |     return
     |
error: at 119:5: [PS-UseAfterMove] In function 'drop_consumes_like_move', block 'entry': variable 'x' is used after move
     |
 118 |     drop x;
 119 |     y = copy x;
     |     ^^^^^^^^^^
 120 |     return
     |
error: at 130:5: [PS-UseAfterMove] In function 'call_arg_move_then_move', block 'entry': variable 'x' is used after move
     |
 129 |   entry:
 130 |     call take_two(move x, move x);
     |     ^^^^^^^^^^^^^^^^^^^^^^^^^^^^^
 131 |     return
     |
error: at 145:7: [PS-UseAfterMove] In function '<M as ImplPlaceStateViolation>::check', block 'entry': variable 'x' is used after move
     |
 144 |       y = move x;
 145 |       z = move x;
     |       ^^^^^^^^^^
 146 |       return
     |
