error: at 40:7: [TC-DuplicateDeclaration] Duplicate declaration of type 'Duplicated'
    |
 39 | 
 40 | trait Duplicated {
    |       ^^^^^^^^^^
 41 |   fn ping(recv: &Self);
    |
error: at 193:6: [TC-DuplicateDeclaration] Duplicate impl of trait 'Iter<i64>' for target type DupTarget
     |
 192 | 
 193 | impl Iter<i64> for DupTarget {
     |      ^^^^
 194 |   fn next(recv: &mut DupTarget, $return: &out i64) {
     |
error: at 325:14: [TC-TraitBoundUnknownTrait] In function 'unknown_direct_bound' type parameter 'T': trait bound references undeclared trait 'MissingBound'
     |
 324 | # covers: MIR bounds must name a declared trait
 325 | extern fn<T: MissingBound> unknown_direct_bound(value: &T);
     |              ^^^^^^^^^^^^
 326 | 
     |
error: at 328:14: [TC-TraitBoundArgArity] In function 'wrong_direct_bound_arity' type parameter 'T': trait 'GenericBound' expects 0 lifetime and 1 type argument(s), got 0 lifetime and 0 type argument(s)
     |
 327 | # covers: MIR bounds must supply the trait's declared generic arity
 328 | extern fn<T: GenericBound> wrong_direct_bound_arity(value: &T);
     |              ^^^^^^^^^^^^
 329 | 
     |
error: at 331:14: [TC-UndeclaredLifetime] In function 'unknown_direct_bound_lifetime' type parameter 'T': undeclared lifetime 'missing
     |
 330 | # covers: MIR trait bounds reject undeclared lifetime arguments
 331 | extern fn<T: LifetimeDirectBound<'missing>> unknown_direct_bound_lifetime(value: &T);
     |              ^^^^^^^^^^^^^^^^^^^^^^^^^^^^^
 332 | 
     |
error: at 341:5: [TC-TypeArgBoundNotSatisfied] In function 'reject_direct_bound', block 'entry': Type argument Other for function 'accept_direct::T' does not satisfy trait bound 'DirectBound'
     |
 340 |   entry:
 341 |     call accept_direct<Other>(copy value);
     |     ^^^^^^^^^^^^^^^^^^^^^^^^^^^^^^^^^^^^^
 342 |     return
     |
error: at 45:33: [TC-InvalidDeclaredType] In trait 'IterMissingT', method 'next' param 'out': Use of undeclared type 'Missing'
    |
 44 | trait IterMissingT {
 45 |   fn next(recv: &mut Self, out: &Missing);
    |                                 ^^^^^^^^
 46 | }
    |
error: at 49:6: [TC-DuplicateLifetimeParam] In trait method 'borrow': lifetime parameter 'a is declared more than once
    |
 48 | trait<'a> TraitLifetimeShadow {
 49 |   fn<'a> borrow(recv: &'a Self);
    |      ^^
 50 | }
    |
error: at 66:6: [TC-ImplForUnknownTrait] Impl references undeclared trait 'Unknown'
    |
 65 | # Unknown trait name.
 66 | impl Unknown for Foo {
    |      ^^^^^^^
 67 |   fn zap(recv: &Foo) {
    |
error: at 74:6: [TC-ImplTraitArgArity] Trait 'Iter' expects 1 type argument(s), got 0
    |
 73 | # Wrong number of trait type args (Iter takes 1, got 0).
 74 | impl Iter for Foo {
    |      ^^^^
 75 |   fn next(recv: &mut Foo, $return: &out i64) {
    |
error: at 89:6: [TC-ImplMethodNotInTrait] Impl of 'Trait' has method 'extra' not declared on the trait
    |
 88 |   }
 89 |   fn extra(recv: &Foo) {
    |      ^^^^^
 90 |     entry:
    |
error: at 84:6: [TC-ImplMissingTraitMethod] Impl of 'Trait' is missing method 'b'
    |
 83 | # `a` and `extra`).
 84 | impl Trait for Foo {
    |      ^^^^^
 85 |   fn a(recv: &Foo) {
    |
error: at 103:18: [TC-ImplMethodSignatureMismatch] Impl method 'touch' param 1 has type &mut 's0 Foo, trait declares &'s0 Foo (after Self := Foo)
     |
 102 | impl TraitS for Foo {
 103 |   fn touch(recv: &mut Foo) {
     |                  ^^^^^^^^
 104 |     entry:
     |
error: at 120:7: [TC-AssignmentTypeMismatch] In function '<Foo as BadBody>::go', block 'entry': Type mismatch in assignment. LHS is bool, RHS is i64
     |
 119 |     entry:
 120 |       flag = 0i64;
     |       ^^^^^^^^^^^
 121 |       return
     |
error: at 132:6: [TC-ImplMethodSignatureMismatch] Impl method 'pick' declares 0 type parameter(s), trait declares 1
     |
 131 | impl MgTrait for Foo {
 132 |   fn pick(recv: &Foo, $return: &out i64) {
     |      ^^^^
 133 |     entry:
     |
error: at 147:3: [TC-ImplMethodSignatureMismatch] Impl method 'relate' lifetime bounds don't match trait's declaration
     |
 146 | impl<'x> BoundedMethod<'x> for Foo {
 147 |   fn<'y> relate(recv: &Foo, earlier: &'x i64, later: &'y i64) {
     |   ^
 148 |     entry:
     |
error: at 158:3: [TC-ImplMethodSignatureMismatch] Impl method 'accept' lifetime bounds don't match trait's declaration
     |
 157 | impl UnboundedMethod for Foo {
 158 |   fn<'x, 'y: 'x> accept(recv: &Foo, first: &'x i64, second: &'y i64) {
     |   ^
 159 |     entry:
     |
error: at 170:6: [TC-ImplTraitArgArity] Trait 'LtTrait' expects 1 lifetime argument(s), got 0
     |
 169 | 
 170 | impl LtTrait for Foo {
     |      ^^^^^^^
 171 |   fn peek(recv: &Foo) {
     |
error: at 208:20: [TC-InvalidDeclaredType] In impl of 'Iter', target type: Use of undeclared type 'MissingTarget'
     |
 207 | # `Self := <bad target>` fans out into a `SignatureMismatch` cascade.
 208 | impl Iter<i64> for MissingTarget {
     |                    ^^^^^^^^^^^^^
 209 |   fn next(recv: &mut MissingTarget, $return: &out i64) {
     |
error: at 220:11: [TC-InvalidDeclaredType] In impl of 'Iter', trait type argument: Use of undeclared type 'MissingArg'
     |
 219 | # no per-method `SignatureMismatch` on the trait arg's substitution.
 220 | impl Iter<MissingArg> for Foo {
     |           ^^^^^^^^^^
 221 |   fn next(recv: &mut Foo, $return: &out MissingArg) {
     |
error: at 269:6: [TC-DuplicateLifetimeParam] In function '<Foo as LifetimeShadow<'a>>::borrow': lifetime parameter 'a is declared more than once
     |
 268 | impl<'a> LifetimeShadow<'a> for Foo {
 269 |   fn<'a> borrow(recv: &'a Foo) {
     |      ^^
 270 |     entry:
     |
error: at 276:6: [TC-DuplicateLifetimeParam] In function '<Foo>::inherent_borrow': lifetime parameter 'a is declared more than once
     |
 275 | impl<'a> Foo {
 276 |   fn<'a> inherent_borrow(recv: &'a Self) {
     |      ^^
 277 |     entry:
     |
error: at 283:6: [TC-InherentImplInvalidTarget] Inherent impl target must be a declared struct or enum type, found i64
     |
 282 | # Inherent impl targets must be declared nominal types.
 283 | impl i64 {
     |      ^^^
 284 |   fn invalid_target(recv: &Self) {
     |
error: at 300:6: [TC-DuplicateInherentMethod] Inherent method 'duplicate' is declared more than once for Foo
     |
 299 | impl Foo {
 300 |   fn duplicate(recv: &Self) {
     |      ^^^^^^^^^
 301 |     entry:
     |
error: at 311:7: [TC-AssignmentTypeMismatch] In function '<Foo>::invalid_body', block 'entry': Type mismatch in assignment. LHS is bool, RHS is i64
     |
 310 |     entry:
 311 |       flag = 0i64;
     |       ^^^^^^^^^^^
 312 |       return
     |
error: at 243:7: [SUB-CopyOfNonCopy] In function '<Box<T> as BadSub<T>>::duplicate', block 'entry': cannot copy non-Copy type T
     |
 242 |     entry:
 243 |       duplicate = copy value;
     |       ^^^^^^^^^^^^^^^^^^^^^^
 244 |       call consume<T>(move value);
     |
  hint: since the type is not Copy, try moving it instead using 'move'
error: at 255:7: [SUB-CopyOfNonCopy] In function '<Box<T>>::inherent_duplicate', block 'entry': cannot copy non-Copy type T
     |
 254 |     entry:
 255 |       duplicate = copy value;
     |       ^^^^^^^^^^^^^^^^^^^^^^
 256 |       call consume<T>(move value);
     |
  hint: since the type is not Copy, try moving it instead using 'move'
error: at 334:22: [LT-LifetimeMismatch] trait bound 'OrderedDirectBound<'a, 'b>' requires lifetime bound 'b: 'a, but it is not implied by the declared bounds on function 'missing_direct_bound_outlives'
     |
 333 | # covers: a direct bound's trait lifetime requirements must be declared by its owner
 334 | extern fn<'a, 'b, T: OrderedDirectBound<'a, 'b>> missing_direct_bound_outlives(value: &'b T);
     |                      ^^^^^^^^^^^^^^^^^^^^^^^^^^
 335 | 
     |
  hint: declare bound 'b: 'a on function 'missing_direct_bound_outlives'
