error: at 37:7: [TC-DuplicateDeclaration] Duplicate declaration of type 'Duplicated'
    |
 36 | 
 37 | trait Duplicated {
    |       ^^^^^^^^^^
 38 |   fn ping(recv: & Self);
    |
error: at 161:6: [TC-DuplicateDeclaration] Duplicate impl of trait 'Iter<i64>' for target type DupTarget
     |
 160 | 
 161 | impl Iter<i64> for DupTarget {
     |      ^^^^
 162 |   fn next(recv: &mut DupTarget, $return: &out i64) {
     |
error: at 42:33: [TC-InvalidDeclaredType] In trait 'IterMissingT', method 'next' param 'out': Use of undeclared type 'Missing'
    |
 41 | trait IterMissingT {
 42 |   fn next(recv: &mut Self, out: & Missing);
    |                                 ^^^^^^^^^
 43 | }
    |
error: at 59:6: [TC-ImplForUnknownTrait] Impl references undeclared trait 'Unknown'
    |
 58 | # Unknown trait name.
 59 | impl Unknown for Foo {
    |      ^^^^^^^
 60 |   fn zap(recv: & Foo) {
    |
error: at 67:6: [TC-ImplTraitArgArity] Trait 'Iter' expects 1 type argument(s), got 0
    |
 66 | # Wrong number of trait type args (Iter takes 1, got 0).
 67 | impl Iter for Foo {
    |      ^^^^
 68 |   fn next(recv: &mut Foo, $return: &out i64) {
    |
error: at 82:6: [TC-ImplMethodNotInTrait] Impl of 'Trait' has method 'extra' not declared on the trait
    |
 81 |   }
 82 |   fn extra(recv: & Foo) {
    |      ^^^^^
 83 |     entry:
    |
error: at 77:6: [TC-ImplMissingTraitMethod] Impl of 'Trait' is missing method 'b'
    |
 76 | # `a` and `extra`).
 77 | impl Trait for Foo {
    |      ^^^^^
 78 |   fn a(recv: & Foo) {
    |
error: at 96:18: [TC-ImplMethodSignatureMismatch] Impl method 'touch' param 1 has type &mut 's0 Foo, trait declares & 's0 Foo (after Self := Foo)
    |
 95 | impl TraitS for Foo {
 96 |   fn touch(recv: &mut Foo) {
    |                  ^^^^^^^^
 97 |     entry:
    |
error: at 113:7: [TC-AssignmentTypeMismatch] In function 'go', block 'entry': Type mismatch in assignment. LHS is bool, RHS is i64
     |
 112 |     entry:
 113 |       flag = 0i64;
     |       ^^^^^^^^^^^
 114 |       return
     |
error: at 125:6: [TC-ImplMethodSignatureMismatch] Impl method 'pick' declares 0 type parameter(s), trait declares 1
     |
 124 | impl MgTrait for Foo {
 125 |   fn pick(recv: & Foo, $return: &out i64) {
     |      ^^^^
 126 |     entry:
     |
error: at 138:6: [TC-ImplTraitArgArity] Trait 'LtTrait' expects 1 lifetime argument(s), got 0
     |
 137 | 
 138 | impl LtTrait for Foo {
     |      ^^^^^^^
 139 |   fn peek(recv: & Foo) {
     |
error: at 176:20: [TC-InvalidDeclaredType] In impl of 'Iter', target type: Use of undeclared type 'MissingTarget'
     |
 175 | # `Self := <bad target>` fans out into a `SignatureMismatch` cascade.
 176 | impl Iter<i64> for MissingTarget {
     |                    ^^^^^^^^^^^^^
 177 |   fn next(recv: &mut MissingTarget, $return: &out i64) {
     |
error: at 188:11: [TC-InvalidDeclaredType] In impl of 'Iter', trait type argument: Use of undeclared type 'MissingArg'
     |
 187 | # no per-method `SignatureMismatch` on the trait arg's substitution.
 188 | impl Iter<MissingArg> for Foo {
     |           ^^^^^^^^^^
 189 |   fn next(recv: &mut Foo, $return: &out MissingArg) {
     |
error: at 237:6: [TC-DuplicateLifetimeParam] In function 'borrow': lifetime parameter 'a is declared more than once
     |
 236 | impl<'a> LifetimeShadow<'a> for Foo {
 237 |   fn<'a> borrow(recv: &'a Foo) {
     |      ^^
 238 |     entry:
     |
error: at 244:6: [TC-DuplicateLifetimeParam] In function 'inherent_borrow': lifetime parameter 'a is declared more than once
     |
 243 | impl<'a> Foo {
 244 |   fn<'a> inherent_borrow(recv: &'a Self) {
     |      ^^
 245 |     entry:
     |
error: at 251:6: [TC-InherentImplInvalidTarget] Inherent impl target must be a declared struct or enum type, found i64
     |
 250 | # Inherent impl targets must be declared nominal types.
 251 | impl i64 {
     |      ^^^
 252 |   fn invalid_target(recv: & Self) {
     |
error: at 268:6: [TC-DuplicateInherentMethod] Inherent method 'duplicate' is declared more than once for Foo
     |
 267 | impl Foo {
 268 |   fn duplicate(recv: & Self) {
     |      ^^^^^^^^^
 269 |     entry:
     |
error: at 279:7: [TC-AssignmentTypeMismatch] In function 'invalid_body', block 'entry': Type mismatch in assignment. LHS is bool, RHS is i64
     |
 278 |     entry:
 279 |       flag = 0i64;
     |       ^^^^^^^^^^^
 280 |       return
     |
error: at 211:7: [SUB-CopyOfNonCopy] In function 'duplicate', block 'entry': cannot copy non-Copy type T
     |
 210 |     entry:
 211 |       duplicate = copy value;
     |       ^^^^^^^^^^^^^^^^^^^^^^
 212 |       call consume<T>(move value);
     |
  hint: since the type is not Copy, try moving it instead using 'move'
error: at 223:7: [SUB-CopyOfNonCopy] In function 'inherent_duplicate', block 'entry': cannot copy non-Copy type T
     |
 222 |     entry:
 223 |       duplicate = copy value;
     |       ^^^^^^^^^^^^^^^^^^^^^^
 224 |       call consume<T>(move value);
     |
  hint: since the type is not Copy, try moving it instead using 'move'
