error: at 8:8: [PARSE-ReservedIdent] 'Self' is reserved and cannot be used as a struct name
   |
 7 | 
 8 | struct Self: Copy + Drop { value: i64 }
   |        ^^^^
 9 | 
   |
error: at 10:6: [PARSE-ReservedIdent] 'Self' is reserved and cannot be used as an enum name
    |
  9 | 
 10 | enum Self { Value: unit }
    |      ^^^^
 11 | 
    |
error: at 13:3: [PARSE-InvalidFnModifiers] In function 'Body::body': trait method 'body' must not have a body
    |
 12 | trait Body {
 13 |   fn body(recv: &Self) { unit }
    |   ^^^^^^^^^^^^^^^^^^^^^^^^^^^^^
 14 | }
    |
error: at 17:3: [PARSE-InvalidFnModifiers] In function 'ExternTrait::ext': trait method 'ext' cannot be extern without an ABI clause; trait methods have no foreign symbol
    |
 16 | trait ExternTrait {
 17 |   extern fn ext(recv: &Self);
    |   ^^^^^^^^^^^^^^^^^^^^^^^^^^^
 18 | }
    |
error: at 22:3: [PARSE-MalformedCst] In function 'Duplicate::same': duplicate trait method 'same'
    |
 21 |   fn same(recv: &Self);
 22 |   fn same(recv: &Self);
    |   ^^^^^^^^^^^^^^^^^^^^^
 23 | }
    |
error: at 30:3: [PARSE-InvalidFnModifiers] In function '<S as Required>::required': impl method 'required' requires a body
    |
 29 | impl Required for S {
 30 |   fn required(recv: &Self);
    |   ^^^^^^^^^^^^^^^^^^^^^^^^^
 31 | }
    |
error: at 34:3: [PARSE-InvalidFnModifiers] In function '<S as Required>::required': impl method 'required' cannot be extern without an ABI clause; impl methods have no foreign symbol
    |
 33 | impl Required for S {
 34 |   extern fn required(recv: &Self) { unit }
    |   ^^^^^^^^^^^^^^^^^^^^^^^^^^^^^^^^^^^^^^^^
 35 | }
    |
error: at 39:3: [PARSE-MalformedCst] In function '<S as Required>::required': duplicate impl method 'required'
    |
 38 |   fn required(recv: &Self) { unit }
 39 |   fn required(recv: &Self) { unit }
    |   ^^^^^^^^^^^^^^^^^^^^^^^^^^^^^^^^^
 40 | }
    |
error: at 43:15: [PARSE-MalformedCst] In function '<S as Required>::required': Duplicate type parameter 'T'
    |
 42 | impl<T> Required for S {
 43 |   fn required<T>(recv: &Self) { unit }
    |               ^
 44 | }
    |
error: at 46:7: [PARSE-ReservedIdent] 'Self' is reserved and cannot be used as a trait name
    |
 45 | 
 46 | trait Self {
    |       ^^^^
 47 |   fn reserved(recv: &Self);
    |
error: at 50:6: [PARSE-ReservedIdent] 'Self' is reserved and cannot be used as a trait reference
    |
 49 | 
 50 | impl Self for S {
    |      ^^^^
 51 |   fn reserved(recv: &Self) { unit }
    |
error: at 57:47: [PARSE-MalformedCst] In function 'duplicate_direct_bound': Duplicate trait bound 'DuplicateBound'
    |
 56 | # covers: the same direct trait bound cannot be declared twice
 57 | fn duplicate_direct_bound<T: DuplicateBound + DuplicateBound>(value: &T) {
    |                                               ^^^^^^^^^^^^^^
 58 |   value;
    |
error: at 63:3: [PARSE-UnexpectedToken] In function 'bare_qualified_method': a qualified method must be called
    |
 62 | fn bare_qualified_method() {
 63 |   <S>::missing;
    |   ^^^^^^^^^^^^
 64 | }
    |
