error: at 14:1: [TC-ImplForUnknownTrait] Impl references undeclared trait 'Unknown'
    |
 13 | 
 14 | impl Unknown for S {
    | ^
 15 |   fn ignored(recv: &Self) { unit }
    |
error: at 19:3: [TC-ImplMethodNotInTrait] Impl of 'Required' has method 'extra' not declared on the trait
    |
 18 | impl Required for S {
 19 |   fn extra(recv: &Self) { unit }
    |   ^^^^^^^^^^^^^^^^^^^^^^^^^^^^^^
 20 | }
    |
error: at 18:1: [TC-ImplMissingTraitMethod] Impl of 'Required' is missing method 'required'
    |
 17 | 
 18 | impl Required for S {
    | ^
 19 |   fn extra(recv: &Self) { unit }
    |
error: at 27:29: [TC-ImplMethodSignatureMismatch] Impl method 'result' param 2 has type &'s1 out bool, trait declares &'s1 out i64 (after Self := S)
    |
 26 | impl Result for S {
 27 |   fn result(recv: &Self) -> bool { false }
    |                             ^^^^
 28 | }
    |
error: at 35:15: [TC-DuplicateLifetimeParam] In function '<S as Lifetime<'a>>::lifetime': lifetime parameter 'a is declared more than once
    |
 34 | impl<'a> Lifetime<'a> for S {
 35 |   fn lifetime<'a>(recv: &'a Self) { unit }
    |               ^^
 36 | }
    |
error: at 42:1: [TC-ImplTraitArgArity] Trait 'GenericTrait' expects 1 type argument(s), got 0
    |
 41 | 
 42 | impl GenericTrait for S {
    | ^
 43 |   fn generic(recv: &Self, value: i64) { unit }
    |
error: at 51:3: [TC-ImplMethodSignatureMismatch] Impl method 'method_generic' declares 0 type parameter(s), trait declares 1
    |
 50 | impl MethodGeneric for S {
 51 |   fn method_generic(recv: &Self, value: i64) { unit }
    |   ^^^^^^^^^^^^^^^^^^^^^^^^^^^^^^^^^^^^^^^^^^^^^^^^^^^
 52 | }
    |
error: at 74:3: [TC-ImplMethodSignatureMismatch] Impl method 'c_method' has ABI Silica, trait declares "C"
    |
 73 | impl AbiParityCTrait for S {
 74 |   unsafe fn c_method(recv: &Self) { unit }
    |   ^^^^^^^^^^^^^^^^^^^^^^^^^^^^^^^^^^^^^^^^
 75 | }
    |
error: at 83:3: [TC-ImplMethodSignatureMismatch] Impl method 'silica_method' has ABI "C", trait declares Silica
    |
 82 | impl AbiParitySilicaTrait for S {
 83 |   extern "C" unsafe fn silica_method(recv: &Self) { unit }
    |   ^^^^^^^^^^^^^^^^^^^^^^^^^^^^^^^^^^^^^^^^^^^^^^^^^^^^^^^^
 84 | }
    |
error: at 55:6: [TC-InherentImplInvalidTarget] Inherent impl target must be a declared struct or enum type, found i64
    |
 54 | # Inherent impl targets must be nominal types.
 55 | impl i64 {
    |      ^^^
 56 |   fn invalid_target(recv: &Self) { unit }
    |
error: at 65:3: [TC-DuplicateInherentMethod] Inherent method 'duplicate' is declared more than once for S
    |
 64 | impl S {
 65 |   fn duplicate(recv: &Self) { unit }
    |   ^^^^^^^^^^^^^^^^^^^^^^^^^^^^^^^^^^
 66 | }
    |
