error: at 220:20: [HTC-TraitBoundCycle] trait-bound cycle: CycleFirst -> CycleSecond -> CycleFirst
     |
 219 | trait CycleFirst: CycleSecond {}
 220 | trait CycleSecond: CycleFirst {}
     |                    ^^^^^^^^^^
 221 | 
     |
error: at 222:26: [HTC-TraitBoundCycle] trait-bound cycle: ExpandingCycle -> ExpandingCycle
     |
 221 | 
 222 | trait ExpandingCycle<X>: ExpandingCycle<[X; 1]> {}
     |                          ^^^^^^^^^^^^^^^^^^^^^^
 223 | 
     |
error: at 145:3: [HTC-ImplMethodSafetyMismatch] In function '<UnsafeMethodTarget as SafeContract>::safety_mismatch': impl method 'safety_mismatch' is unsafe, but trait declaration is safe
     |
 144 | impl SafeContract for UnsafeMethodTarget {
 145 |   unsafe fn safety_mismatch(recv: &Self) { unit }
     |   ^^^^^^^^^^^^^^^^^^^^^^^^^^^^^^^^^^^^^^^^^^^^^^^
 146 | }
     |
error: at 153:3: [HTC-ImplMethodSafetyMismatch] In function '<UnsafeMethodTarget as UnsafeContract>::other_safety_mismatch': impl method 'other_safety_mismatch' is safe, but trait declaration is unsafe
     |
 152 | impl UnsafeContract for UnsafeMethodTarget {
 153 |   fn other_safety_mismatch(recv: &Self) { unit }
     |   ^^^^^^^^^^^^^^^^^^^^^^^^^^^^^^^^^^^^^^^^^^^^^^
 154 | }
     |
error: at 214:29: [HTC-UndeclaredTrait] trait 'MissingSupertraitUse' has undeclared trait bound 'MissingSupertrait'
     |
 213 | 
 214 | trait MissingSupertraitUse: MissingSupertrait {}
     |                             ^^^^^^^^^^^^^^^^^
 215 | 
     |
error: at 217:29: [HTC-TraitArgArityMismatch] trait bound 'GenericSupertrait' expects 0 lifetime and 1 type argument(s), found 0 lifetime and 0 type argument(s)
     |
 216 | trait GenericSupertrait<X> {}
 217 | trait WrongSupertraitArity: GenericSupertrait {}
     |                             ^^^^^^^^^^^^^^^^^
 218 | 
     |
error: at 233:1: [HTC-BoundNotSatisfied] impl of 'RequiresCopySelf' for LinearSupertraitTarget requires Self: Copy
     |
 232 | # covers: implementing a trait requires its marker self-bounds
 233 | impl RequiresCopySelf for LinearSupertraitTarget {}
     | ^^^^^^^^^^^^^^^^^^^^^^^^^^^^^^^^^^^^^^^^^^^^^^^^^^^
 234 | 
     |
error: at 242:1: [HTC-BoundNotSatisfied] impl of 'RequiresParent<i64>' for WrongSupertraitArgument requires Self: RequiredParent<i64>
     |
 241 | # covers: implementing a trait requires the correctly instantiated supertrait
 242 | impl RequiresParent<i64> for WrongSupertraitArgument {}
     | ^^^^^^^^^^^^^^^^^^^^^^^^^^^^^^^^^^^^^^^^^^^^^^^^^^^^^^^
 243 | 
     |
error: at 294:1: [HTC-BoundNotSatisfied] impl of 'MissingGenericImplChild' for T requires Self: MissingGenericImplParent
     |
 293 | # covers: a generic impl must declare evidence for its supertrait obligation
 294 | impl<T> MissingGenericImplChild for T {}
     | ^^^^^^^^^^^^^^^^^^^^^^^^^^^^^^^^^^^^^^^^
 295 | 
     |
error: at 24:9: [HTC-AmbiguousReceiverCall] In function 'ambiguous_trait': receiver call 'AmbiguousTraitTarget.collide' is ambiguous; trait candidates: <AmbiguousTraitTarget as First>::collide, <AmbiguousTraitTarget as Second>::collide
    |
 23 | fn ambiguous_trait(value: AmbiguousTraitTarget) {
 24 |   value.collide();
    |         ^^^^^^^
 25 | }
    |
error: at 31:9: [HTC-UnresolvedReceiverCall] In function 'unresolved': no method, callable field, or free function 'unknown' applies to receiver type Missing
    |
 30 | fn unresolved(value: Missing) {
 31 |   value.unknown();
    |         ^^^^^^^
 32 | }
    |
error: at 42:3: [HTC-ArityMismatch] In function 'wrong_arity': function expected 1 arguments, found 0
    |
 41 | fn wrong_arity(value: WrongArity) {
 42 |   value.takes_argument();
    |   ^^^^^^^^^^^^^^^^^^^^^^
 43 | }
    |
error: at 57:9: [HTC-AmbiguousReceiverCall] In function 'ambiguous_inherent': receiver call 'Overlap<i64>.duplicate' is ambiguous; inherent candidates: <Overlap<T>>::duplicate, <Overlap<i64>>::duplicate
    |
 56 | fn ambiguous_inherent(value: Overlap<i64>) {
 57 |   value.duplicate();
    |         ^^^^^^^^^
 58 | }
    |
error: at 64:9: [HTC-GenericArgsOnFunctionValue] In function 'generic_args_on_field': explicit generic arguments require a named function
    |
 63 | fn generic_args_on_field(value: Callable) {
 64 |   value.generic<i64>(1);
    |         ^^^^^^^
 65 | }
    |
error: at 71:9: [HTC-UnsafeRequired] In function 'unsafe_free_without_block': call to unsafe function 'unsafe_free' requires unsafe block
    |
 70 | fn unsafe_free_without_block(value: Missing) {
 71 |   value.unsafe_free();
    |         ^^^^^^^^^^^
 72 | }
    |
error: at 83:9: [HTC-BoundNotSatisfied] In function 'method_bound_failure': type argument 'Linear' for 'bounded::U' does not satisfy bound 'Copy'
    |
 82 | fn method_bound_failure(value: Generic<i64>, linear: Linear) {
 83 |   value.bounded<Linear>(linear);
    |         ^^^^^^^
 84 | }
    |
error: at 83:9: [HTC-BoundNotSatisfied] In function 'method_bound_failure': type argument 'Linear' for 'bounded::U' does not satisfy bound 'Drop'
    |
 82 | fn method_bound_failure(value: Generic<i64>, linear: Linear) {
 83 |   value.bounded<Linear>(linear);
    |         ^^^^^^^
 84 | }
    |
error: at 106:9: [HTC-AmbiguousReceiverCall] In function 'ambiguous_auto_borrow': receiver call 'BorrowAmbiguous.borrow_collision' is ambiguous; trait candidates: <BorrowAmbiguous as BorrowFirst>::borrow_collision, <BorrowAmbiguous as BorrowSecond>::borrow_collision
     |
 105 | fn ambiguous_auto_borrow(value: BorrowAmbiguous) {
 106 |   value.borrow_collision();
     |         ^^^^^^^^^^^^^^^^
 107 | }
     |
error: at 113:3: [HTC-ArityMismatch] In function 'free_without_receiver': function expected 0 arguments, found 1
     |
 112 | fn free_without_receiver(value: Missing) {
 113 |   value.no_receiver();
     |   ^^^^^^^^^^^^^^^^^^^
 114 | }
     |
error: at 132:9: [HTC-UnsafeRequired] In function 'unsafe_trait_call': call to unsafe trait method 'trait_dangerous' requires unsafe block
     |
 131 | fn unsafe_trait_call(value: UnsafeMethodTarget) {
 132 |   value.trait_dangerous();
     |         ^^^^^^^^^^^^^^^
 133 | }
     |
error: at 137:9: [HTC-UnsafeRequired] In function 'unsafe_inherent_call': call to unsafe method 'inherent_dangerous' requires unsafe block
     |
 136 | fn unsafe_inherent_call(value: UnsafeMethodTarget) {
 137 |   value.inherent_dangerous();
     |         ^^^^^^^^^^^^^^^^^^
 138 | }
     |
error: at 166:9: [HTC-AmbiguousReceiverCall] In function 'ambiguous_bound_method': receiver call 'T.bound_collision' is ambiguous; trait candidates: <T as BoundFirst>::bound_collision, <T as BoundSecond>::bound_collision
     |
 165 | fn ambiguous_bound_method<T: BoundFirst + BoundSecond>(value: &T) {
 166 |   value.bound_collision();
     |         ^^^^^^^^^^^^^^^
 167 | }
     |
error: at 183:9: [HTC-AmbiguousReceiverCall] In function 'ambiguous_bound_and_impl': receiver call '&T.mixed_collision' is ambiguous; trait candidates: <T as DirectCollision>::mixed_collision, <&U as ReferenceCollision>::mixed_collision
     |
 182 | fn ambiguous_bound_and_impl<T: DirectCollision>(value: &T) {
 183 |   value.mixed_collision();
     |         ^^^^^^^^^^^^^^^
 184 | }
     |
error: at 201:9: [HTC-BoundNotSatisfied] In function 'reject_bound_method_argument': type argument 'WrongBoundArgument' for 'bound_generic::U' does not satisfy trait bound 'BoundArgument'
     |
 200 | ) {
 201 |   value.bound_generic<WrongBoundArgument>(argument);
     |         ^^^^^^^^^^^^^
 202 | }
     |
error: at 206:9: [HTC-UnsafeRequired] In function 'reject_bound_unsafe': call to unsafe trait method 'bound_unsafe' requires unsafe block
     |
 205 | fn reject_bound_unsafe<T: GenericBoundMethod>(value: &T) {
 206 |   value.bound_unsafe();
     |         ^^^^^^^^^^^^
 207 | }
     |
error: at 211:9: [HTC-UnresolvedReceiverCall] In function 'reject_unbounded_receiver': no method, callable field, or free function 'bound_generic' applies to receiver type &T
     |
 210 | fn reject_unbounded_receiver<T>(value: &T) {
 211 |   value.bound_generic<WrongBoundArgument>(value);
     |         ^^^^^^^^^^^^^
 212 | }
     |
error: at 226:9: [HTC-UnresolvedReceiverCall] In function 'expanding_cycle_lookup': no method, callable field, or free function 'missing_cycle_method' applies to receiver type &T
     |
 225 | fn expanding_cycle_lookup<T: ExpandingCycle<i64>>(value: &T) {
 226 |   value.missing_cycle_method();
     |         ^^^^^^^^^^^^^^^^^^^^
 227 | }
     |
error: at 254:9: [HTC-AmbiguousReceiverCall] In function 'ambiguous_inherited_method': receiver call 'T.inherited_collision' is ambiguous; trait candidates: <T as InheritedCollision<i64>>::inherited_collision, <T as InheritedCollision<bool>>::inherited_collision
     |
 253 | fn ambiguous_inherited_method<T: CollisionDiamond>(value: &T) {
 254 |   value.inherited_collision();
     |         ^^^^^^^^^^^^^^^^^^^
 255 | }
     |
error: at 267:9: [HTC-AmbiguousReceiverCall] In function 'ambiguous_redeclared_method': receiver call 'T.redeclared' is ambiguous; trait candidates: <T as RedeclaredChild>::redeclared, <T as RedeclaredParent>::redeclared
     |
 266 | fn ambiguous_redeclared_method<T: RedeclaredChild>(value: &T) {
 267 |   value.redeclared();
     |         ^^^^^^^^^^
 268 | }
     |
error: at 282:9: [HTC-BoundNotSatisfied] In function 'reject_inherited_method_argument': type argument 'LinearSupertraitTarget' for 'inherited_bounded::U' does not satisfy bound 'Copy'
     |
 281 | ) {
 282 |   value.inherited_bounded<LinearSupertraitTarget>(argument);
     |         ^^^^^^^^^^^^^^^^^
 283 | }
     |
error: at 282:9: [HTC-BoundNotSatisfied] In function 'reject_inherited_method_argument': type argument 'LinearSupertraitTarget' for 'inherited_bounded::U' does not satisfy bound 'Drop'
     |
 281 | ) {
 282 |   value.inherited_bounded<LinearSupertraitTarget>(argument);
     |         ^^^^^^^^^^^^^^^^^
 283 | }
     |
error: at 287:9: [HTC-UnsafeRequired] In function 'reject_inherited_unsafe': call to unsafe trait method 'inherited_dangerous' requires unsafe block
     |
 286 | fn reject_inherited_unsafe<T: InheritedRequirementsChild>(value: &T) {
 287 |   value.inherited_dangerous();
     |         ^^^^^^^^^^^^^^^^^^^
 288 | }
     |
error: at 298:3: [HTC-BoundNotSatisfied] In function 'qualified_missing_impl': type 'WrongBoundArgument' does not satisfy trait 'BoundArgument' required by qualified method
     |
 297 | fn qualified_missing_impl(value: &WrongBoundArgument) {
 298 |   <WrongBoundArgument as BoundArgument>::qualified_required(value);
     |   ^^^^^^^^^^^^^^^^^^^^^^^^^^^^^^^^^^^^^^^^^^^^^^^^^^^^^^^^^
 299 | }
     |
error: at 309:26: [HTC-UnresolvedQualifiedMethod] In function 'qualified_child_does_not_alias_parent': trait 'QualifiedChild' has no method 'parent_only'
     |
 308 | fn qualified_child_does_not_alias_parent<T: QualifiedChild>(value: &T) {
 309 |   <T as QualifiedChild>::parent_only(value);
     |                          ^^^^^^^^^^^
 310 | }
     |
error: at 314:25: [HTC-UnresolvedQualifiedMethod] In function 'qualified_missing_inherent': type 'WrongBoundArgument' has no inherent method 'missing'
     |
 313 | fn qualified_missing_inherent(value: &WrongBoundArgument) {
 314 |   <WrongBoundArgument>::missing(value);
     |                         ^^^^^^^
 315 | }
     |
error: at 319:3: [HTC-TraitArgArityMismatch] In function 'qualified_wrong_trait_arity': trait 'GenericSupertrait' expects 0 lifetime and 1 type argument(s), found 0 lifetime and 0 type argument(s)
     |
 318 | fn qualified_wrong_trait_arity<T: GenericSupertrait<i64>>(value: &T) {
 319 |   <T as GenericSupertrait>::missing(value);
     |   ^^^^^^^^^^^^^^^^^^^^^^^^^^^^^^^^^
 320 | }
     |
error: at 324:39: [HTC-UnsafeRequired] In function 'qualified_unsafe_trait': call to unsafe trait method 'trait_dangerous' requires unsafe block
     |
 323 | fn qualified_unsafe_trait(value: &UnsafeMethodTarget) {
 324 |   <UnsafeMethodTarget as UnsafeCall>::trait_dangerous(value);
     |                                       ^^^^^^^^^^^^^^^
 325 | }
     |
error: at 329:25: [HTC-UnsafeRequired] In function 'qualified_unsafe_inherent': call to unsafe method 'inherent_dangerous' requires unsafe block
     |
 328 | fn qualified_unsafe_inherent(value: &UnsafeMethodTarget) {
 329 |   <UnsafeMethodTarget>::inherent_dangerous(value);
     |                         ^^^^^^^^^^^^^^^^^^
 330 | }
     |
error: at 342:74: [HTC-TypeMismatch] In function 'qualified_does_not_auto_borrow': type mismatch: expected WrongBoundArgument, found &WrongBoundArgument
     |
 341 | fn qualified_does_not_auto_borrow(value: WrongBoundArgument) {
 342 |   <WrongBoundArgument as QualifiedExplicitBorrow>::needs_explicit_borrow(value);
     |                                                                          ^^^^^
 343 | }
     |
error: at 347:3: [HTC-UndeclaredTrait] In function 'qualified_unknown_trait': qualified method has undeclared trait 'MissingQualifiedTrait'
     |
 346 | fn qualified_unknown_trait(value: &WrongBoundArgument) {
 347 |   <WrongBoundArgument as MissingQualifiedTrait>::missing(value);
     |   ^^^^^^^^^^^^^^^^^^^^^^^^^^^^^^^^^^^^^^^^^^^^^^^^^^^^^^
 348 | }
     |
error: at 354:3: [HTC-UndeclaredLifetime] In function 'qualified_unknown_lifetime': undeclared lifetime 'missing
     |
 353 | fn qualified_unknown_lifetime<T>(value: &T) {
 354 |   <T as QualifiedLifetime<'missing>>::missing(value);
     |   ^^^^^^^^^^^^^^^^^^^^^^^^^^^^^^^^^^^^^^^^^^^
 355 | }
     |
error: at 361:3: [HTC-BoundNotSatisfied] In function 'qualified_bad_trait_argument': type argument 'LinearSupertraitTarget' for trait 'QualifiedBoundedArgument::X' does not satisfy its declared bounds
     |
 360 | fn qualified_bad_trait_argument(value: &WrongBoundArgument) {
 361 |   <WrongBoundArgument as QualifiedBoundedArgument<LinearSupertraitTarget>>::missing(value);
     |   ^^^^^^^^^^^^^^^^^^^^^^^^^^^^^^^^^^^^^^^^^^^^^^^^^^^^^^^^^^^^^^^^^^^^^^^^^^^^^^^^^
 362 | }
     |
error: at 366:19: [HTC-AmbiguousReceiverCall] In function 'ambiguous_qualified_inherent': qualified call '<Overlap<i64>>::duplicate' is ambiguous; inherent candidates: <Overlap<T>>::duplicate, <Overlap<i64>>::duplicate
     |
 365 | fn ambiguous_qualified_inherent(value: Overlap<i64>) {
 366 |   <Overlap<i64>>::duplicate(value);
     |                   ^^^^^^^^^
 367 | }
     |
error: at 371:19: [HTC-BoundNotSatisfied] In function 'qualified_method_bound_failure': type argument 'Linear' for 'bounded::U' does not satisfy bound 'Copy'
     |
 370 | fn qualified_method_bound_failure(value: Generic<i64>, linear: Linear) {
 371 |   <Generic<i64>>::bounded<Linear>(value, linear);
     |                   ^^^^^^^
 372 | }
     |
error: at 371:19: [HTC-BoundNotSatisfied] In function 'qualified_method_bound_failure': type argument 'Linear' for 'bounded::U' does not satisfy bound 'Drop'
     |
 370 | fn qualified_method_bound_failure(value: Generic<i64>, linear: Linear) {
 371 |   <Generic<i64>>::bounded<Linear>(value, linear);
     |                   ^^^^^^^
 372 | }
     |
error: at 386:17: [HTC-UnresolvedQualifiedMethod] In function 'static_nonexistent_method': type 'StaticTarget' has no inherent method 'nonexistent'
     |
 385 | fn static_nonexistent_method() {
 386 |   StaticTarget::nonexistent();
     |                 ^^^^^^^^^^^
 387 | }
     |
error: at 391:3: [HTC-ArityMismatch] In function 'static_arity_mismatch': function expected 1 arguments, found 2
     |
 390 | fn static_arity_mismatch() {
 391 |   StaticTarget::create(1, 2);
     |   ^^^^^^^^^^^^^^^^^^^^^^^^^^
 392 | }
     |
error: at 396:24: [HTC-TypeMismatch] In function 'static_type_mismatch': type mismatch: expected bool, found i64
     |
 395 | fn static_type_mismatch() {
 396 |   StaticTarget::create(true);
     |                        ^^^^
 397 | }
     |
error: at 401:3: [HTC-UndeclaredType] In function 'static_undeclared_type': undeclared type 'UndeclaredType'
     |
 400 | fn static_undeclared_type() {
 401 |   UndeclaredType::new();
     |   ^^^^^^^^^^^^^^
 402 | }
     |
error: at 410:20: [HTC-AmbiguousReceiverCall] In function '<CollidingEnum>::Duplicate': scoped path 'CollidingEnum::Duplicate' is ambiguous between enum variant and inherent method; use '<CollidingEnum>::Duplicate' to select the method
     |
 409 |   fn Duplicate(value: i64) -> CollidingEnum {
 410 |     CollidingEnum::Duplicate(value)
     |                    ^^^^^^^^^
 411 |   }
     |
error: at 416:18: [HTC-AmbiguousReceiverCall] In function 'static_variant_method_collision': scoped path 'CollidingEnum::Duplicate' is ambiguous between enum variant and inherent method; use '<CollidingEnum>::Duplicate' to select the method
     |
 415 | fn static_variant_method_collision() {
 416 |   CollidingEnum::Duplicate(42);
     |                  ^^^^^^^^^
 417 | }
     |
error: at 431:19: [HTC-BoundNotSatisfied] In function 'static_bound_not_satisfied': type argument 'Linear' for '<OnlyCopyTarget<T>>::T' does not satisfy bound 'Copy'
     |
 430 | fn static_bound_not_satisfied(linear: Linear) {
 431 |   OnlyCopyTarget::new(linear);
     |                   ^^^
 432 | }
     |
error: at 431:19: [HTC-BoundNotSatisfied] In function 'static_bound_not_satisfied': type argument 'Linear' for '<OnlyCopyTarget<T>>::T' does not satisfy bound 'Drop'
     |
 430 | fn static_bound_not_satisfied(linear: Linear) {
 431 |   OnlyCopyTarget::new(linear);
     |                   ^^^
 432 | }
     |
error: at 446:3: [HTC-ArityMismatch] In function 'static_call_missing_receiver': function expected 1 arguments, found 0
     |
 445 | fn static_call_missing_receiver() {
 446 |   ReceiverTarget::get_val();
     |   ^^^^^^^^^^^^^^^^^^^^^^^^^
 447 | }
     |
error: at 451:18: [HTC-UnresolvedQualifiedMethod] In function 'static_nonexistent_enum_variant': type 'CollidingEnum' has no inherent method 'Nonexistent'
     |
 450 | fn static_nonexistent_enum_variant() {
 451 |   CollidingEnum::Nonexistent(10);
     |                  ^^^^^^^^^^^
 452 | }
     |
