error: at 48:5: [TC-UnborrowNonReference] In function 'unborrow_of_non_ref_type', block 'entry': unborrow requires a reference-typed place, found i64
    |
 47 |   entry:
 48 |     unborrow x;
    |     ^^^^^^^^^^
 49 |     return
    |
error: at 27:5: [PS-UseAfterMove] In function 'unborrow_after_move', block 'entry': variable 'r' is used after move
    |
 26 |     call sink(move r);
 27 |     unborrow r;
    |     ^^^^^^^^^^
 28 |     return
    |
error: at 38:5: [PS-UseBeforeInit] In function 'unborrow_of_uninit', block 'entry': variable 'r' is used before initialization
    |
 37 |   entry:
 38 |     unborrow r;
    |     ^^^^^^^^^^
 39 |     return
    |
error: at 62:5: [PS-RefObligationUnfulfilled] In function 'unborrow_with_unfulfilled_obligation', block 'entry': reference 'r' has unfulfilled obligation: pointee is uninitialized, but must be initialized before the reference expires
    |
 56 | # obligation unfulfilled; unborrow is rejected.
 57 | fn unborrow_with_unfulfilled_obligation(r: &mut L) {
    |                                         --------- reference declared here
 58 |   x: L;
    |
    | ...
    |
 61 |     drop x;
 62 |     unborrow r;
    |     ^^^^^^^^^^
 63 |     return
    |
