error: at 26:5: [PS-DerefPointeeStateMismatch] In function 'read_out_ref_before_write', block 'entry': cannot read from pointee of 'r': pointee must be initialized here, but is uninitialized
    |
 25 |   entry:
 26 |     x = copy r.*;
    |     ^^^^^^^^^^^^
 27 |     r.* = 42;
    |
error: at 41:5: [PS-DerefPointeeStateMismatch] In function 'write_mut_ref_field_without_move', block 'entry': cannot write into pointee of 'r': pointee must be uninitialized here, but is initialized
    |
 40 |   entry:
 41 |     r.*.field = move replacement;
    |     ^^^^^^^^^^^^^^^^^^^^^^^^^^^^
 42 |     return
    |
error: at 50:5: [PS-WriteThroughSharedRef] In function 'write_through_shared_ref', block 'entry': cannot write through shared reference 'r'
    |
 49 |   entry:
 50 |     r.* = 1;
    |     ^^^^^^^
 51 |     return
    |
error: at 59:5: [PS-WriteThroughSharedRef] In function 'move_out_through_shared_ref', block 'entry': cannot move out through shared reference 'r'
    |
 58 |   entry:
 59 |     x = move r.*;
    |     ^^^^^^^^^^^^
 60 |     drop x;
    |
error: at 70:5: [PS-WriteThroughSharedRef] In function 'move_copy_pointee_through_shared_ref', block 'entry': cannot move out through shared reference 'r'
    |
 69 |   entry:
 70 |     x = move r.*;
    |     ^^^^^^^^^^^^
 71 |     y = copy r.*;
    |
error: at 81:5: [PS-WriteThroughSharedRef] In function 'move_field_through_shared_ref', block 'entry': cannot move out through shared reference 'r'
    |
 80 |   entry:
 81 |     x = move r.*.val;
    |     ^^^^^^^^^^^^^^^^
 82 |     drop x;
    |
error: at 89:5: [PS-DerefPointeeStateMismatch] In function 'read_out_ref_field_before_write', block 'entry': cannot read from pointee of 'r': pointee must be initialized here, but is uninitialized
    |
 88 |   entry:
 89 |     x = copy r.*.val;
    |     ^^^^^^^^^^^^^^^^
 90 |     r.*.val = 42;
    |
error: at 97:5: [PS-WriteThroughSharedRef] In function 'move_through_nested_shared_ref', block 'entry': cannot move out through shared reference 'r.*'
    |
 96 |   entry:
 97 |     x = move r.*.*;
    |     ^^^^^^^^^^^^^^
 98 |     drop x;
    |
error: at 107:5: [PS-WriteThroughSharedRef] In function 'move_complex_through_shared_middle', block 'entry': cannot move out through shared reference 'foo.field.*[2]'
     |
 106 |   entry:
 107 |     x = move foo.field.*[2].* as Variant;
     |     ^^^^^^^^^^^^^^^^^^^^^^^^^^^^^^^^^^^^
 108 |     drop x;
     |
error: at 115:5: [PS-WriteThroughSharedRef] In function 'move_complex_through_shared_outer', block 'entry': cannot move out through shared reference 'foo.field'
     |
 114 |   entry:
 115 |     x = move foo.field.*[2].* as Variant;
     |     ^^^^^^^^^^^^^^^^^^^^^^^^^^^^^^^^^^^^
 116 |     drop x;
     |
