error: at 30:5: [INIT-RefObligationUnfulfilled] In function 'out_scalar_never', block 'entry': reference 'r' has unfulfilled obligation: pointee is uninitialized, but must be initialized before the reference expires
    |
 27 | 
 28 | fn out_scalar_never(r: &out i64) {
    |                     ----------- reference declared here
 29 |   entry:
 30 |     return
    |     ^^^^^^
 31 | }
    |
error: at 35:5: [INIT-RefObligationUnfulfilled] In function 'out_struct_never', block 'entry': reference 'r' has unfulfilled obligation: pointee is uninitialized, but must be initialized before the reference expires
    |
 32 | 
 33 | fn out_struct_never(r: &out P) {
    |                     --------- reference declared here
 34 |   entry:
 35 |     return
    |     ^^^^^^
 36 | }
    |
error: at 44:5: [INIT-RefObligationUnfulfilled] In function 'out_struct_partial', block 'entry': reference 'r' has unfulfilled obligation: pointee is partially initialized, but must be initialized before the reference expires
    |
 40 | # path than intended (see file header).
 41 | fn out_struct_partial(r: &out P) {
    |                       --------- reference declared here
 42 |   entry:
 43 |     r.*.x = 1;
 44 |     return
    |     ^^^^^^
 45 | }
    |
error: at 49:5: [INIT-RefObligationUnfulfilled] In function 'out_enum_never', block 'entry': reference 'r' has unfulfilled obligation: pointee is uninitialized, but must be initialized before the reference expires
    |
 46 | 
 47 | fn out_enum_never(r: &out E) {
    |                   --------- reference declared here
 48 |   entry:
 49 |     return
    |     ^^^^^^
 50 | }
    |
error: at 54:5: [INIT-RefObligationUnfulfilled] In function 'out_array_never', block 'entry': reference 'r' has unfulfilled obligation: pointee is uninitialized, but must be initialized before the reference expires
    |
 51 | 
 52 | fn out_array_never(r: &out [i64; 3]) {
    |                    ---------------- reference declared here
 53 |   entry:
 54 |     return
    |     ^^^^^^
 55 | }
    |
error: at 61:5: [INIT-RefObligationUnfulfilled] In function 'out_array_partial', block 'entry': reference 'r' has unfulfilled obligation: pointee is partially initialized, but must be initialized before the reference expires
    |
 57 | # Writes one slot of the array; other slots remain Uninit.
 58 | fn out_array_partial(r: &out [i64; 3]) {
    |                      ---------------- reference declared here
 59 |   entry:
 60 |     r.*[0] = 1;
 61 |     return
    |     ^^^^^^
 62 | }
    |
error: at 66:5: [INIT-RefObligationUnfulfilled] In function 'out_param_never', block 'entry': reference 'r' has unfulfilled obligation: pointee is uninitialized, but must be initialized before the reference expires
    |
 63 | 
 64 | fn<T: Copy + Drop> out_param_never(r: &out T) {
    |                                    --------- reference declared here
 65 |   entry:
 66 |     return
    |     ^^^^^^
 67 | }
    |
error: at 71:5: [INIT-RefObligationUnfulfilled] In function 'out_generic_struct_never', block 'entry': reference 'r' has unfulfilled obligation: pointee is uninitialized, but must be initialized before the reference expires
    |
 68 | 
 69 | fn<T: Copy + Drop> out_generic_struct_never(r: &out Box<T>) {
    |                                             -------------- reference declared here
 70 |   entry:
 71 |     return
    |     ^^^^^^
 72 | }
    |
error: at 78:5: [INIT-RefObligationUnfulfilled] In function 'drop_scalar_untouched', block 'entry': reference 'r' has unfulfilled obligation: pointee is initialized, but must be consumed before the reference expires
    |
 75 | 
 76 | fn drop_scalar_untouched(r: &drop i64) {
    |                          ------------ reference declared here
 77 |   entry:
 78 |     return
    |     ^^^^^^
 79 | }
    |
error: at 83:5: [INIT-RefObligationUnfulfilled] In function 'drop_struct_untouched', block 'entry': reference 'r' has unfulfilled obligation: pointee is initialized, but must be consumed before the reference expires
    |
 80 | 
 81 | fn drop_struct_untouched(r: &drop P) {
    |                          ---------- reference declared here
 82 |   entry:
 83 |     return
    |     ^^^^^^
 84 | }
    |
error: at 91:5: [INIT-RefObligationUnfulfilled] In function 'drop_struct_partial', block 'entry': reference 'r' has unfulfilled obligation: pointee is partially initialized, but must be consumed before the reference expires
    |
 86 | # Consumes one field but not the other.
 87 | fn drop_struct_partial(r: &drop P) {
    |                        ---------- reference declared here
 88 |   x: i64;
    |
    | ...
    |
 90 |     x = move r.*.x;
 91 |     drop x;
    |     ^^^^^^
 92 |     return
    |
error: at 97:5: [INIT-RefObligationUnfulfilled] In function 'drop_array_untouched', block 'entry': reference 'r' has unfulfilled obligation: pointee is initialized, but must be consumed before the reference expires
    |
 94 | 
 95 | fn drop_array_untouched(r: &drop [i64; 3]) {
    |                         ----------------- reference declared here
 96 |   entry:
 97 |     return
    |     ^^^^^^
 98 | }
    |
error: at 102:5: [INIT-RefObligationUnfulfilled] In function 'drop_param_untouched', block 'entry': reference 'r' has unfulfilled obligation: pointee is initialized, but must be consumed before the reference expires
     |
  99 | 
 100 | fn<T: Copy + Drop> drop_param_untouched(r: &drop T) {
     |                                         ---------- reference declared here
 101 |   entry:
 102 |     return
     |     ^^^^^^
 103 | }
     |
error: at 107:5: [INIT-RefObligationUnfulfilled] In function 'drop_generic_struct_untouched', block 'entry': reference 'r' has unfulfilled obligation: pointee is initialized, but must be consumed before the reference expires
     |
 104 | 
 105 | fn<T: Copy + Drop> drop_generic_struct_untouched(r: &drop Box<T>) {
     |                                                  --------------- reference declared here
 106 |   entry:
 107 |     return
     |     ^^^^^^
 108 | }
     |
error: at 116:5: [INIT-RefObligationUnfulfilled] In function 'mut_scalar_moved_no_writeback', block 'entry': reference 'r' has unfulfilled obligation: pointee is uninitialized, but must be initialized before the reference expires
     |
 111 | 
 112 | fn mut_scalar_moved_no_writeback(r: &mut L) {
     |                                  --------- reference declared here
 113 |   x: L;
     |
     | ...
     |
 115 |     x = move r.*;
 116 |     drop x;
     |     ^^^^^^
 117 |     return
     |
error: at 124:5: [INIT-RefObligationUnfulfilled] In function 'mut_struct_moved_no_writeback', block 'entry': reference 'r' has unfulfilled obligation: pointee is uninitialized, but must be initialized before the reference expires
     |
 119 | 
 120 | fn mut_struct_moved_no_writeback(r: &mut Q) {
     |                                  --------- reference declared here
 121 |   q: Q;
     |
     | ...
     |
 123 |     q = move r.*;
 124 |     drop q;
     |     ^^^^^^
 125 |     return
     |
error: at 135:5: [INIT-RefObligationUnfulfilled] In function 'mut_struct_field_moved', block 'entry': reference 'r' has unfulfilled obligation: pointee is partially initialized, but must be initialized before the reference expires
     |
 130 | # the `&mut` (Init, Init) obligation.
 131 | fn mut_struct_field_moved(r: &mut Q) {
     |                           --------- reference declared here
 132 |   x: L;
     |
     | ...
     |
 134 |     x = move r.*.x;
 135 |     drop x;
     |     ^^^^^^
 136 |     return
     |
error: at 144:5: [INIT-RefObligationUnfulfilled] In function 'uninit_scalar_written', block 'entry': reference 'r' has unfulfilled obligation: pointee is initialized, but must be consumed before the reference expires
     |
 140 | 
 141 | fn uninit_scalar_written(r: &uninit i64) {
     |                          -------------- reference declared here
 142 |   entry:
 143 |     r.* = 42;
 144 |     return
     |     ^^^^^^
 145 | }
     |
error: at 153:5: [INIT-RefObligationUnfulfilled] In function 'uninit_struct_field_written', block 'entry': reference 'r' has unfulfilled obligation: pointee is partially initialized, but must be consumed before the reference expires
     |
 149 | # Uninit) obligation.
 150 | fn uninit_struct_field_written(r: &uninit P) {
     |                                ------------ reference declared here
 151 |   entry:
 152 |     r.*.x = 1;
 153 |     return
     |     ^^^^^^
 154 | }
     |
