error: at 31:5: [LT-LoanConflict] In function 'read_parent_while_child_live', block 'entry': cannot read 'r.*': already borrowed by 's'
    |
 29 |     r = &mut x;
 30 |     s = &mut r.*;
    |     ------------ borrow of 'r.*' occurs here
 31 |     y = copy r.*;
    |     ^^^^^^^^^^^^
 32 |     call sink(move s);
    |
  hint: the borrow of 's' is active until its last use or explicit unborrow.
error: at 45:5: [LT-LoanConflict] In function 'write_base_while_parent_live', block 'entry': cannot write to 'x': already borrowed by 'r'
    |
 42 |   entry:
 43 |     r = &mut x;
    |     ---------- borrow of 'x' occurs here
 44 |     s = &mut r.*;
 45 |     x = 1;
    |     ^^^^^
 46 |     call sink(move s);
    |
  hint: the borrow of 'r' is active until its last use or explicit unborrow.
error: at 60:5: [LT-LoanConflict] In function 'move_parent_while_child_live', block 'entry': cannot move from 'r': already borrowed by 's'
    |
 58 |   entry:
 59 |     s = &mut r.*;
    |     ------------ borrow of 'r' occurs here
 60 |     call sink(move r);
    |     ^^^^^^^^^^^^^^^^^
 61 |     call sink(move s);
    |
  hint: the borrow of 's' is active until its last use or explicit unborrow.
error: at 73:5: [LT-LifetimeMismatch] In function 'returned_reborrow_lifetime_mismatch': this assignment requires lifetime bound 'a: 'b, but it is not implied by the declared bounds on function 'returned_reborrow_lifetime_mismatch'
    |
 72 |   entry:
 73 |     $return.* = &mut r.*;
    |     ^^^^^^^^^^^^^^^^^^^^
 74 |     unborrow $return;
    |
  hint: declare bound 'a: 'b on function 'returned_reborrow_lifetime_mismatch' or change the value flow so it is not required
error: at 73:5: [LT-LifetimeMismatch] In function 'returned_reborrow_lifetime_mismatch': this assignment requires lifetime bound 'b: 'a, but it is not implied by the declared bounds on function 'returned_reborrow_lifetime_mismatch'
    |
 72 |   entry:
 73 |     $return.* = &mut r.*;
    |     ^^^^^^^^^^^^^^^^^^^^
 74 |     unborrow $return;
    |
  hint: declare bound 'b: 'a on function 'returned_reborrow_lifetime_mismatch' or change the value flow so it is not required
