error: at 36:5: [TC-AssignmentTypeMismatch] In function 'assign_type_mismatch', block 'entry': Type mismatch in assignment. LHS is i64, RHS is bool
    |
 35 |   entry:
 36 |     x = true;
    |     ^^^^^^^^
 37 |     return
    |
error: at 46:5: [TC-AssignmentTypeMismatch] In function 'assign_field_mismatch', block 'entry': Type mismatch in assignment. LHS is i64, RHS is bool
    |
 45 |   entry:
 46 |     s.f = true;
    |     ^^^^^^^^^^
 47 |     return
    |
error: at 57:5: [TC-AssignmentTypeMismatch] In function 'assign_fn_arity_mismatch', block 'entry': Type mismatch in assignment. LHS is fn(i64, i64), RHS is fn(i64)
    |
 56 |   entry:
 57 |     g = callee;
    |     ^^^^^^^^^^
 58 |     return
    |
error: at 74:5: [TC-AssignmentTypeMismatch] In function 'assign_fn_abi_mismatch', block 'entry': Type mismatch in assignment. LHS is fn(i32, $return: &out i32), RHS is fn "C"(i32, $return: &'s0 out i32)
    |
 73 |   entry:
 74 |     f = c_helper;
    |     ^^^^^^^^^^^^
 75 |     return
    |
error: at 92:5: [TC-AssignmentTypeMismatch] In function 'assign_fn_ret_mismatch', block 'entry': Type mismatch in assignment. LHS is fn(i32, &out i32), RHS is fn(i32, $return: &'s0 out i32)
    |
 91 |   entry:
 92 |     f = ret_flag_helper;
    |     ^^^^^^^^^^^^^^^^^^^
 93 |     return
    |
error: at 103:5: [TC-AssignmentTypeMismatch] In function 'assign_ref_kind_mismatch', block 'entry': Type mismatch in assignment. LHS is &mut i64, RHS is &i64
     |
 102 |   entry:
 103 |     r = &y;
     |     ^^^^^^
 104 |     return
     |
error: at 115:5: [TC-CallTargetNotFunction] In function 'call_non_function_target', block 'entry': Call target is not a function type: i64
     |
 114 |     x = 42;
 115 |     call copy x();
     |     ^^^^^^^^^^^^^
 116 |     return
     |
error: at 125:5: [TC-CallWrongArity] In function 'call_wrong_arity', block 'entry': Wrong number of arguments for call. Expected 2, found 1
     |
 124 |   entry:
 125 |     call add(1);
     |     ^^^^^^^^^^^
 126 |     return
     |
error: at 135:5: [TC-CallArgTypeMismatch] In function 'call_wrong_arg_type', block 'entry': Call argument 0 type mismatch. Expected i64, found bool
     |
 134 |   entry:
 135 |     call takes_num(true);
     |     ^^^^^^^^^^^^^^^^^^^^
 136 |     return
     |
error: at 147:5: [TC-CallArgTypeMismatch] In function 'call_ref_kind_mismatch', block 'entry': Call argument 0 type mismatch. Expected &'1 drop i64, found &mut i64
     |
  24 | extern fn takes_num(a: i64);
  25 | extern fn takes_drop_ref(r: &drop i64);
     |                             --------- the lifetime of this reference is called '1 in this diagnostic
  26 | extern fn add(a: i64, b: i64);
     |
     | ...
     |
 146 |     r = &mut y;
 147 |     call takes_drop_ref(move r);
     |     ^^^^^^^^^^^^^^^^^^^^^^^^^^^
 148 |     return
     |
error: at 157:5: [TC-UndeclaredVariable] In function 'drop_undeclared_var', block 'entry': Use of undeclared variable 'x'
     |
 156 |   entry:
 157 |     drop x;
     |     ^^^^^^
 158 |     return
     |
error: at 169:5: [TC-UnborrowNonReference] In function 'unborrow_non_reference', block 'entry': unborrow requires a reference-typed place, found i64
     |
 168 |     x = 0;
 169 |     unborrow x;
     |     ^^^^^^^^^^
 170 |     return
     |
error: at 47:5: [PS-ReturnValueLeak] In function 'assign_field_mismatch', block 'entry': value 's' of type S is not consumed at return
    |
 43 | # mismatch on the field projection lhs.
 44 | fn assign_field_mismatch(s: S) {
    |                          ---- variable declared here
 45 |   entry:
 46 |     s.f = true;
 47 |     return
    |     ^^^^^^
 48 | }
    |
  hint: linear values must be consumed or returned before function exit. Try moving or dropping it.
