error: at 15:5: [RELAX-MandatoryPreservationUnavailable] In function 'take_of_non_copy_through_shared_ref', block 'entry': cannot preserve `take` of 'r.*': path crosses a shared reference or dynamic-index projection, and no valid Copy or AutoClone resolution is available
    |
 14 |   entry:
 15 |     x = take r.*;
    |     ^^^^^^^^^^^^
 16 |     call consume(move x);
    |
error: at 27:5: [RELAX-MandatoryPreservationUnavailable] In function 'take_of_non_copy_at_dynamic_index', block 'entry': cannot preserve `take` of 'a[?]': path crosses a shared reference or dynamic-index projection, and no valid Copy or AutoClone resolution is available
    |
 26 |   entry:
 27 |     x = take a[copy i];
    |     ^^^^^^^^^^^^^^^^^^
 28 |     call consume(move x);
    |
error: at 40:5: [RELAX-IndexOperandNotReading] In function 'move_index_operand', block 'entry': `move` of 'i' inside `Index` projection: array indexing is a non-consuming read, so its operand must be `copy` or a constant
    |
 39 |   entry:
 40 |     x = copy a[move i];
    |     ^^^^^^^^^^^^^^^^^^
 41 |     drop x;
    |
error: at 54:7: [RELAX-MandatoryPreservationUnavailable] In function '<Owned as ImplCopyRelaxationViolation>::relax', block 'entry': cannot preserve `take` of 'x.*': path crosses a shared reference or dynamic-index projection, and no valid Copy or AutoClone resolution is available
    |
 53 |     entry:
 54 |       y = take x.*;
    |       ^^^^^^^^^^^^
 55 |       call consume(move y);
    |
