error: at 7:5: [INIT-RefObligationUnfulfilled] In function 'f', block 'entry': reference 'r' has unfulfilled obligation: pointee is uninitialized, but must be initialized before the reference expires
   |
 7 |     drop r;
   |     ^^^^^^
  = note: reference declared here
   |
 3 | fn f(r: &mut i64) {
   |      ^^^^^^^^^^^
