error: at 7:5: [INIT-RefObligationUnfulfilled] In function 'f', block 'entry': reference 'r' has unfulfilled obligation: pointee is uninitialized, but must be initialized before the reference expires
   |
 2 | # silently forget the pending re-init obligation on the pointee.
 3 | fn f(r: &mut i64, z: i64) {
   |      ----------- reference declared here
 4 |   x: i64;
   |
   | ...
   |
 6 |     x = move r.*;
 7 |     r = &mut z;
   |     ^^^^^^^^^^
 8 |     return
   |
