error: at 96:29: [TC-InvalidDeclaredType] In struct 'WrongArity1', field 'field': Type 'Box' expects 1 type argument(s), got 2
    |
 95 | # Type-argument arity: Box takes exactly one param.
 96 | struct WrongArity1 { field: Box<i32, bool> }
    |                             ^^^^^^^^^^^^^^
 97 | struct WrongArity2 { field: Box }
    |
error: at 97:29: [TC-InvalidDeclaredType] In struct 'WrongArity2', field 'field': Type 'Box' expects 1 type argument(s), got 0
    |
 96 | struct WrongArity1 { field: Box<i32, bool> }
 97 | struct WrongArity2 { field: Box }
    |                             ^^^
 98 | 
    |
error: at 105:40: [TC-InvalidDeclaredType] In struct 'WrongLifetimeArity', field 'field': Type 'Both' expects 2 lifetime argument(s), got 1
     |
 104 | struct<'a, 'b> Both: Move { l: &'a i64, r: &'b i64 }
 105 | struct<'a> WrongLifetimeArity { field: Both<'a> }
     |                                        ^^^^^^^^
 106 | 
     |
error: at 121:28: [TC-InvalidDeclaredType] In struct 'UsesBadBox', field 'field': Type argument Linear for 'Box::T' does not satisfy required bound 'Copy'
     |
 120 | # Linear is not Copy+Drop, so Box<Linear> fails the T: Copy+Drop bound.
 121 | struct UsesBadBox { field: Box<Linear> }
     |                            ^^^^^^^^^^^
 122 | 
     |
error: at 139:28: [TC-InvalidDeclaredType] In struct 'DeepBadBox', field 'field': Type argument Linear for 'Option::T' does not satisfy required bound 'Copy'
     |
 138 | # Copy+Drop bound before the outer Box is even evaluated.
 139 | struct DeepBadBox { field: Box<Option<Linear>> }
     |                            ^^^^^^^^^^^^^^^^^^^
 140 | 
     |
error: at 143:26: [TC-InvalidDeclaredType] In struct 'UseBoxC_MatL', field 'b': Type argument MatL for 'BoxC::T' does not satisfy required bound 'Copy'
     |
 142 | # covers: type_kind=struct class=Copy op=use_site_bound bound=MatL:none
 143 | struct UseBoxC_MatL { b: BoxC<MatL> }
     |                          ^^^^^^^^^^
 144 | # covers: type_kind=struct class=Copy op=use_site_bound bound=MatD:Drop (not Copy)
     |
error: at 145:26: [TC-InvalidDeclaredType] In struct 'UseBoxC_MatD', field 'b': Type argument MatD for 'BoxC::T' does not satisfy required bound 'Copy'
     |
 144 | # covers: type_kind=struct class=Copy op=use_site_bound bound=MatD:Drop (not Copy)
 145 | struct UseBoxC_MatD { b: BoxC<MatD> }
     |                          ^^^^^^^^^^
 146 | # covers: type_kind=struct class=Copy op=use_site_bound bound=MatM:Move (not Copy)
     |
error: at 147:26: [TC-InvalidDeclaredType] In struct 'UseBoxC_MatM', field 'b': Type argument MatM for 'BoxC::T' does not satisfy required bound 'Copy'
     |
 146 | # covers: type_kind=struct class=Copy op=use_site_bound bound=MatM:Move (not Copy)
 147 | struct UseBoxC_MatM { b: BoxC<MatM> }
     |                          ^^^^^^^^^^
 148 | 
     |
error: at 151:26: [TC-InvalidDeclaredType] In struct 'UseBoxD_MatL', field 'b': Type argument MatL for 'BoxD::T' does not satisfy required bound 'Drop'
     |
 150 | # covers: type_kind=struct class=Drop op=use_site_bound bound=MatL:none
 151 | struct UseBoxD_MatL { b: BoxD<MatL> }
     |                          ^^^^^^^^^^
 152 | # covers: type_kind=struct class=Drop op=use_site_bound bound=MatC:Copy (not Drop)
     |
error: at 153:26: [TC-InvalidDeclaredType] In struct 'UseBoxD_MatC', field 'b': Type argument MatC for 'BoxD::T' does not satisfy required bound 'Drop'
     |
 152 | # covers: type_kind=struct class=Drop op=use_site_bound bound=MatC:Copy (not Drop)
 153 | struct UseBoxD_MatC { b: BoxD<MatC> }
     |                          ^^^^^^^^^^
 154 | # covers: type_kind=struct class=Drop op=use_site_bound bound=MatM:Move (not Drop)
     |
error: at 155:26: [TC-InvalidDeclaredType] In struct 'UseBoxD_MatM', field 'b': Type argument MatM for 'BoxD::T' does not satisfy required bound 'Drop'
     |
 154 | # covers: type_kind=struct class=Drop op=use_site_bound bound=MatM:Move (not Drop)
 155 | struct UseBoxD_MatM { b: BoxD<MatM> }
     |                          ^^^^^^^^^^
 156 | 
     |
error: at 159:26: [TC-InvalidDeclaredType] In struct 'UseBoxM_MatL', field 'b': Type argument MatL for 'BoxM::T' does not satisfy required bound 'Move'
     |
 158 | # covers: type_kind=struct class=Move op=use_site_bound bound=MatL:none
 159 | struct UseBoxM_MatL { b: BoxM<MatL> }
     |                          ^^^^^^^^^^
 160 | # covers: type_kind=struct class=Move op=use_site_bound bound=MatC:Copy (not Move)
     |
error: at 162:26: [TC-InvalidDeclaredType] In struct 'UseBoxM_MatC', field 'b': Type argument MatC for 'BoxM::T' does not satisfy required bound 'Move'
     |
 161 | # Copy alone does not imply Move — silent hole risk.
 162 | struct UseBoxM_MatC { b: BoxM<MatC> }
     |                          ^^^^^^^^^^
 163 | # covers: type_kind=struct class=Move op=use_site_bound bound=MatD:Drop (not Move)
     |
error: at 164:26: [TC-InvalidDeclaredType] In struct 'UseBoxM_MatD', field 'b': Type argument MatD for 'BoxM::T' does not satisfy required bound 'Move'
     |
 163 | # covers: type_kind=struct class=Move op=use_site_bound bound=MatD:Drop (not Move)
 164 | struct UseBoxM_MatD { b: BoxM<MatD> }
     |                          ^^^^^^^^^^
 165 | 
     |
error: at 168:29: [TC-InvalidDeclaredType] In struct 'UseOuter_MutRef', field 'b': Type argument &mut '1 i64 for 'OuterBox::T' does not satisfy required bound 'Copy'
     |
 167 | # covers: type_kind=struct op=nested_param_subst class=Copy+Drop bound=MutRef:Drop+Move
 168 | struct UseOuter_MutRef { b: OuterBox<&mut i64> }
     |                             ^^^^^^^^^^^^^^^^^^ the lifetime of this reference is called '1 in this diagnostic
 169 | 
     |
error: at 113:32: [TC-InvalidDeclaredType] In function 'arity_error_no_panic', parameter 'x': Type 'Both' expects 2 lifetime argument(s), got 1
     |
 112 | # via decl-lifetime leak, or crash the pipeline on the invalid Instance.
 113 | fn<'a> arity_error_no_panic(x: Both<'a>) {
     |                                ^^^^^^^^
 114 |   y: i64;
     |
error: at 124:15: [TC-InvalidDeclaredType] In function 'consume', parameter 'b': Type argument Linear for 'Box::T' does not satisfy required bound 'Copy'
     |
 123 | # Same bound failure via a function parameter.
 124 | fn consume(b: Box<Linear>) {
     |               ^^^^^^^^^^^
 125 |   entry:
     |
error: at 132:30: [TC-InvalidDeclaredType] In function 'option_of_out', parameter 'x': Type argument &out '1 U for 'Option::T' does not satisfy required bound 'Copy'
     |
 131 | # and still does not grant Copy or Drop.
 132 | fn<U: Move> option_of_out(x: Option<&out U>) {
     |                              ^^^^^^^^^^^^^^ the lifetime of this reference is called '1 in this diagnostic
 133 |   entry:
     |
error: at 180:5: [TC-TypeArgArity] In function 'free_call_missing_type_arg', block 'entry': Function 'generic_call_target' expects 1 type argument(s), got 0
     |
 179 |   entry:
 180 |     call generic_call_target<'a>();
     |     ^^^^^^^^^^^^^^^^^^^^^^^^^^^^^^
 181 |     return
     |
error: at 187:5: [TC-TypeArgArity] In function 'free_call_extra_type_arg', block 'entry': Function 'generic_call_target' expects 1 type argument(s), got 2
     |
 186 |   entry:
 187 |     call generic_call_target<i64, bool>();
     |     ^^^^^^^^^^^^^^^^^^^^^^^^^^^^^^^^^^^^^
 188 |     return
     |
error: at 194:5: [TC-TypeArgBoundNotSatisfied] In function 'free_call_bound_failure', block 'entry': Type argument MatD for function 'generic_call_target::T' does not satisfy required bound 'Copy'
     |
 193 |   entry:
 194 |     call generic_call_target<MatD>();
     |     ^^^^^^^^^^^^^^^^^^^^^^^^^^^^^^^^
 195 |     return
     |
error: at 201:5: [TC-TypeArgArity] In function 'free_call_lifetime_arity', block 'entry': Function 'generic_call_target' expects 1 lifetime argument(s), got 2
     |
 200 |   entry:
 201 |     call generic_call_target<'a, 'a, i64>();
     |     ^^^^^^^^^^^^^^^^^^^^^^^^^^^^^^^^^^^^^^^
 202 |     return
     |
error: at 51:37: [COMP-CopyMarkerNotSatisfied] In struct 'ClaimsCopy' (marked Copy), field 'inner' has type T which is not Copy
    |
 50 | # T has no bounds, so class_of(T) is empty. Claiming Copy fails.
 51 | struct<T> ClaimsCopy: Copy { inner: T }
    |                                     ^
 52 | 
    |
error: at 54:43: [COMP-DropMarkerNotSatisfied] In struct 'ClaimsDrop' (marked Drop), field 'inner' has type T which is not Drop
    |
 53 | # T is Copy but not Drop, so claiming Drop fails.
 54 | struct<T: Copy> ClaimsDrop: Drop { inner: T }
    |                                           ^
 55 | 
    |
error: at 57:51: [COMP-CopyMarkerNotSatisfied] In struct 'ClaimsCopyFromMove' (marked Copy), field 'inner' has type T which is not Copy
    |
 56 | # T is only Move; Move does not imply Copy. Claiming Copy fails.
 57 | struct<T: Move> ClaimsCopyFromMove: Copy { inner: T }
    |                                                   ^
 58 | 
    |
error: at 61:35: [COMP-CopyMarkerNotSatisfied] In enum 'ClaimsCopyEnum' (marked Copy), variant 'A' payload type T is not Copy
    |
 60 | # Copy claim on the enum is unsatisfied by variant A's payload type T.
 61 | enum<T> ClaimsCopyEnum: Copy { A: T  B: unit }
    |                                   ^
 62 | 
    |
error: at 65:61: [COMP-CopyMarkerNotSatisfied] In struct 'BoxBad_DropClaimsCopy' (marked Copy), field 'inner' has type T which is not Copy
    |
 64 | # T:Drop only; claiming Copy+Drop — COMP-CopyMarkerNotSatisfied.
 65 | struct<T: Drop> BoxBad_DropClaimsCopy: Copy + Drop { inner: T }
    |                                                             ^
 66 | 
    |
error: at 69:61: [COMP-DropMarkerNotSatisfied] In struct 'BoxBad_CopyClaimsDrop' (marked Drop), field 'inner' has type T which is not Drop
    |
 68 | # T:Copy only; claiming Copy+Drop — COMP-DropMarkerNotSatisfied.
 69 | struct<T: Copy> BoxBad_CopyClaimsDrop: Copy + Drop { inner: T }
    |                                                             ^
 70 | 
    |
error: at 73:54: [COMP-CopyMarkerNotSatisfied] In struct 'BoxBad_MoveClaimsCopy' (marked Copy), field 'inner' has type T which is not Copy
    |
 72 | # T:Move; claiming Copy — COMP-CopyMarkerNotSatisfied.
 73 | struct<T: Move> BoxBad_MoveClaimsCopy: Copy { inner: T }
    |                                                      ^
 74 | 
    |
error: at 77:54: [COMP-DropMarkerNotSatisfied] In struct 'BoxBad_MoveClaimsDrop' (marked Drop), field 'inner' has type T which is not Drop
    |
 76 | # T:Move; claiming Drop — COMP-DropMarkerNotSatisfied.
 77 | struct<T: Move> BoxBad_MoveClaimsDrop: Drop { inner: T }
    |                                                      ^
 78 | 
    |
error: at 81:50: [COMP-CopyMarkerNotSatisfied] In struct 'UnboundedBox_ClaimsCopy' (marked Copy), field 'inner' has type T which is not Copy
    |
 80 | # No bound; claiming Copy — COMP-CopyMarkerNotSatisfied.
 81 | struct<T> UnboundedBox_ClaimsCopy: Copy { inner: T }
    |                                                  ^
 82 | 
    |
error: at 84:50: [COMP-DropMarkerNotSatisfied] In struct 'UnboundedBox_ClaimsDrop' (marked Drop), field 'inner' has type T which is not Drop
    |
 83 | # covers: type_kind=struct class=Drop op=composition bound=none
 84 | struct<T> UnboundedBox_ClaimsDrop: Drop { inner: T }
    |                                                  ^
 85 | 
    |
error: at 87:50: [COMP-MoveMarkerNotSatisfied] In struct 'UnboundedBox_ClaimsMove' (marked Move), field 'inner' has type T which is not Move
    |
 86 | # covers: type_kind=struct class=Move op=composition bound=none
 87 | struct<T> UnboundedBox_ClaimsMove: Move { inner: T }
    |                                                  ^
 88 | 
    |
error: at 91:54: [COMP-MoveMarkerNotSatisfied] In struct 'BoxBad_CopyClaimsMove' (marked Move), field 'inner' has type T which is not Move
    |
 90 | # Copy alone does not imply Move — COMP-MoveMarkerNotSatisfied.
 91 | struct<T: Copy> BoxBad_CopyClaimsMove: Move { inner: T }
    |                                                      ^
 92 | 
    |
error: at 117:5: [PS-ReturnValueLeak] In function 'arity_error_no_panic', block 'entry': value 'x' of type Both<'a> is not consumed at return
     |
 112 | # via decl-lifetime leak, or crash the pipeline on the invalid Instance.
 113 | fn<'a> arity_error_no_panic(x: Both<'a>) {
     |                             ----------- variable declared here
 114 |   y: i64;
     |
     | ...
     |
 116 |     y = copy x.l.*;
 117 |     return
     |     ^^^^^^
 118 | }
     |
  hint: linear values must be consumed or returned before function exit. Try moving or dropping it.
