error: at 27:5: [INIT-BorrowStateMismatch] In function 'shared_of_never_init', block 'entry': cannot create & of 'x': place must be initialized at borrow, but is not yet initialized
    |
 26 |   entry:
 27 |     r = &x;
    |     ^^^^^^
 28 |     return
    |
error: at 35:5: [INIT-BorrowStateMismatch] In function 'shared_of_moved', block 'entry': cannot create & of 'x': place must be initialized at borrow, but is moved-from
    |
 34 |     call sink(move x);
 35 |     r = &x;
    |     ^^^^^^
 36 |     return
    |
error: at 44:5: [INIT-BorrowStateMismatch] In function 'shared_of_partial', block 'entry': cannot create & of 'p': place must be initialized at borrow, but is partially initialized
    |
 43 |     p.x = 1;
 44 |     r = &p;
    |     ^^^^^^
 45 |     return
    |
error: at 54:5: [INIT-BorrowStateMismatch] In function 'mut_of_never_init', block 'entry': cannot create &mut of 'x': place must be initialized at borrow, but is not yet initialized
    |
 53 |   entry:
 54 |     r = &mut x;
    |     ^^^^^^^^^^
 55 |     return
    |
error: at 65:5: [INIT-BorrowStateMismatch] In function 'mut_of_never_init_field', block 'entry': cannot create &mut of 'p.y': place must be initialized at borrow, but is not yet initialized
    |
 64 |     p.x = 1;
 65 |     r = &mut p.y;
    |     ^^^^^^^^^^^^
 66 |     return
    |
error: at 75:5: [INIT-BorrowStateMismatch] In function 'drop_of_never_init', block 'entry': cannot create &drop of 'x': place must be initialized at borrow, but is not yet initialized
    |
 74 |   entry:
 75 |     r = &drop x;
    |     ^^^^^^^^^^^
 76 |     return
    |
error: at 76:5: [INIT-RefObligationUnfulfilled] In function 'drop_of_never_init', block 'entry': reference 'r' has unfulfilled obligation: pointee is initialized, but must be consumed before the reference expires
    |
 72 |   x: i64;
 73 |   r: &drop i64;
    |   ------------- reference declared here
 74 |   entry:
 75 |     r = &drop x;
 76 |     return
    |     ^^^^^^
 77 | }
    |
error: at 84:5: [INIT-BorrowStateMismatch] In function 'drop_of_partial', block 'entry': cannot create &drop of 'p': place must be initialized at borrow, but is partially initialized
    |
 83 |     p.x = 1;
 84 |     r = &drop p;
    |     ^^^^^^^^^^^
 85 |     return
    |
error: at 85:5: [INIT-RefObligationUnfulfilled] In function 'drop_of_partial', block 'entry': reference 'r' has unfulfilled obligation: pointee is initialized, but must be consumed before the reference expires
    |
 80 |   p: P;
 81 |   r: &drop P;
    |   ----------- reference declared here
 82 |   entry:
    |
    | ...
    |
 84 |     r = &drop p;
 85 |     return
    |     ^^^^^^
 86 | }
    |
error: at 95:5: [INIT-BorrowStateMismatch] In function 'out_of_partial', block 'entry': cannot create &out of 'p': place must be uninitialized at borrow, but is partially initialized
    |
 94 |     p.x = 1;
 95 |     r = &out p;
    |     ^^^^^^^^^^
 96 |     return
    |
error: at 96:5: [INIT-RefObligationUnfulfilled] In function 'out_of_partial', block 'entry': reference 'r' has unfulfilled obligation: pointee is uninitialized, but must be initialized before the reference expires
    |
 91 |   p: P;
 92 |   r: &out P;
    |   ---------- reference declared here
 93 |   entry:
    |
    | ...
    |
 95 |     r = &out p;
 96 |     return
    |     ^^^^^^
 97 | }
    |
error: at 104:5: [INIT-BorrowStateMismatch] In function 'out_of_init_non_drop', block 'entry': cannot create &out of 'x': place must be uninitialized at borrow, but is initialized
     |
 103 |   entry:
 104 |     rr = &out x;
     |     ^^^^^^^^^^^
 105 |     return
     |
  hint: move 'x' out first — linear values cannot be forgotten in place
error: at 105:5: [INIT-RefObligationUnfulfilled] In function 'out_of_init_non_drop', block 'entry': reference 'rr' has unfulfilled obligation: pointee is uninitialized, but must be initialized before the reference expires
     |
 101 | fn out_of_init_non_drop(x: Linear) {
 102 |   rr: &out Linear;
     |   ---------------- reference declared here
 103 |   entry:
 104 |     rr = &out x;
 105 |     return
     |     ^^^^^^
 106 | }
     |
error: at 105:5: [INIT-RefObligationUnfulfilled] In function 'out_of_init_non_drop', block 'entry': reference 'x.r' has unfulfilled obligation: pointee is uninitialized, but must be initialized before the reference expires
     |
 100 | # failure carries the "move out first" hint.
 101 | fn out_of_init_non_drop(x: Linear) {
     |                         --------- reference declared here
 102 |   rr: &out Linear;
     |
     | ...
     |
 104 |     rr = &out x;
 105 |     return
     |     ^^^^^^
 106 | }
     |
error: at 112:5: [INIT-BorrowStateMismatch] In function 'uninit_of_init_non_drop', block 'entry': cannot create &uninit of 'x': place must be uninitialized at borrow, but is initialized
     |
 111 |   entry:
 112 |     rr = &uninit x;
     |     ^^^^^^^^^^^^^^
 113 |     return
     |
  hint: move 'x' out first — linear values cannot be forgotten in place
error: at 113:5: [INIT-RefObligationUnfulfilled] In function 'uninit_of_init_non_drop', block 'entry': reference 'x.r' has unfulfilled obligation: pointee is uninitialized, but must be initialized before the reference expires
     |
 108 | # ---------- &uninit: pointee Init non-Drop ----------
 109 | fn uninit_of_init_non_drop(x: Linear) {
     |                            --------- reference declared here
 110 |   rr: &uninit Linear;
     |
     | ...
     |
 112 |     rr = &uninit x;
 113 |     return
     |     ^^^^^^
 114 | }
     |
