fn sum(a: [i64; 4], $return: &out i64) {
  sum: i64;
  i: i64;
  _temp_0: unit;
  _temp_1: unit;
  _temp_2: unit;
  _temp_3: bool;
  _temp_4: &out bool;
  _temp_5: unit;
  _temp_6: i64;
  _temp_7: &out i64;
  _temp_8: unit;
  _temp_9: i64;
  _temp_10: &out i64;
  entry:
    sum = 0;
    i = 0;
    goto loop_start_0
  loop_start_0:
    _temp_4 = &out _temp_3;
    call $i64_ge(copy i, 4, move _temp_4);
    branch(move _temp_3) [true: if_true_2, false: if_false_3]
  if_true_2:
    goto loop_end_1
  if_false_3:
    _temp_2 = unit;
    goto if_merge_4
  if_merge_4:
    _temp_7 = &out _temp_6;
    call $i64_add(copy sum, copy a[copy i], move _temp_7);
    drop sum;
    sum = move _temp_6;
    _temp_5 = unit;
    _temp_10 = &out _temp_9;
    call $i64_add(copy i, 1, move _temp_10);
    drop i;
    i = move _temp_9;
    _temp_8 = unit;
    _temp_1 = unit;
    goto if_merge_4__to__loop_start_0
  if_merge_4__to__loop_start_0:
    drop _temp_1;
    drop _temp_2;
    drop _temp_5;
    drop _temp_8;
    goto loop_start_0
  loop_end_1:
    $return.* = copy sum;
    unborrow $return;
    drop i;
    drop sum;
    drop a;
    return
}
