error: at 34:5: [LT-LoanConflict] In function 'direct_write_to_borrowed_field', block 'entry': cannot write to 'x': already borrowed by 'b.p'
    |
 32 |   entry:
 33 |     b.p = &mut x;
    |     ------------ borrow of 'x' occurs here
 34 |     x = 42;
    |     ^^^^^^
 35 |     call take_box(move b);
    |
  hint: the borrow of 'b.p' is active until its last use or explicit unborrow.
error: at 51:5: [LT-LoanConflict] In function 'read_during_reborrow', block 'entry': cannot read 'b.p.*': already borrowed by 's'
    |
 49 |     b.p = &mut x;
 50 |     s = &mut b.p.*;
    |     -------------- borrow of 'b.p.*' occurs here
 51 |     y = copy b.p.*;
    |     ^^^^^^^^^^^^^^
 52 |     call sink(move s);
    |
  hint: the borrow of 's' is active until its last use or explicit unborrow.
error: at 73:5: [LT-LoanConflict] In function 'write_to_loan_after_merge', block 'merge': cannot write to 'y': already borrowed by 'b.p'
    |
 72 |   merge:
 73 |     y = 1;
    |     ^^^^^
 74 |     call take_box(move b);
    |
  hint: the borrow of 'b.p' is active until its last use or explicit unborrow.
