error: at 137:16: [TC-UndeclaredLifetime] In struct 'BadStruct': outlives clause references undeclared lifetime 'z
     |
 136 | # 'z is not declared as a lifetime param; TC-UndeclaredLifetime fires.
 137 | struct<'a: 'z> BadStruct: Move { r: &'a i64 }
     |                ^^^^^^^^^
 138 | 
     |
error: at 290:34: [TC-InvalidDeclaredType] In struct 'WrongArity', field 'w': Type 'W2' expects 2 lifetime argument(s), got 1
     |
 289 | # mentions like `W2` are still tolerated (pending elision backfill).
 290 | struct<'p> WrongArity: Move { w: W2<'p> }
     |                                  ^^^^^^
 291 | 
     |
error: at 48:12: [TC-UndeclaredLifetime] In function 'undeclared_bound_lt': outlives clause references undeclared lifetime 'z
    |
 47 | # TC-UndeclaredLifetime fires with the fn's name-span.
 48 | fn<'a: 'z> undeclared_bound_lt(x: &'a i64, $return: &out &'a i64) {
    |            ^^^^^^^^^^^^^^^^^^^
 49 |   entry:
    |
error: at 317:36: [TC-InvalidDeclaredType] In function 'ptr_cast_wrong_arity': Type 'W2' expects 2 lifetime argument(s), got 1
     |
 316 |   entry:
 317 |     $return.* = ptr_cast(copy src, *W2<'a>);
     |                                    ^^^^^^^
 318 |     return
     |
error: at 376:21: [TC-ReservedLifetimeName] In function 'static_declared_as_param_fails': 'static is a reserved lifetime and cannot be declared as a parameter
     |
 375 | # re-bound.
 376 | fn<'static: 'a, 'a> static_declared_as_param_fails(x: &'a i64, $return: &out &'a i64) {
     |                     ^^^^^^^^^^^^^^^^^^^^^^^^^^^^^^
 377 |   entry:
     |
error: at 387:24: [TC-DuplicateLifetimeParam] In function 'duplicate_lifetime_param_fails': lifetime parameter 'a is declared more than once
     |
 386 | # TC-DuplicateLifetimeParam. The bounds don't matter for the check.
 387 | fn<'a: 'b, 'a: 'b, 'b> duplicate_lifetime_param_fails(
     |                        ^^^^^^^^^^^^^^^^^^^^^^^^^^^^^^
 388 |   x: &'a i64,
     |
error: at 193:40: [LT-LifetimeMismatch] type 'W2' requires lifetime bound 'b: 'a, but it is not implied by the declared bounds on struct 'OuterBad'
     |
 192 | # at the field type span.
 193 | struct<'a, 'b> OuterBad: Move { inner: W2<'a, 'b> }
     |                                        ^^^^^^^^^^
 194 | 
     |
  hint: declare bound 'b: 'a on struct 'OuterBad' or change the value flow so it is not required
error: at 204:35: [LT-LifetimeMismatch] type 'W2' requires lifetime bound 'b: 'a, but it is not implied by the declared bounds on enum 'EitherBad'
     |
 203 | # Same shape, but the mention is on an enum variant payload.
 204 | enum<'a, 'b> EitherBad: Move { L: W2<'a, 'b>, R: &'a i64 }
     |                                   ^^^^^^^^^^
 205 | 
     |
  hint: declare bound 'b: 'a on enum 'EitherBad' or change the value flow so it is not required
error: at 261:46: [LT-LifetimeMismatch] type 'W2' requires lifetime bound 'a: 'static, but it is not implied by the declared bounds on struct 'BadStaticContainer'
     |
 260 | # 'a: 'static nor 'a as static-bounded. Decl wf fires.
 261 | struct<'a> BadStaticContainer: Move { inner: W2<'static, 'a> }
     |                                              ^^^^^^^^^^^^^^^
 262 | 
     |
  hint: declare bound 'a: 'static on struct 'BadStaticContainer' or change the value flow so it is not required
error: at 20:5: [LT-LifetimeMismatch] In function 'no_bound_flow_fails': this assignment requires lifetime bound 'a: 'b, but it is not implied by the declared bounds on function 'no_bound_flow_fails'
    |
 19 |   entry:
 20 |     $return.* = copy x;
    |     ^^^^^^^^^^^^^^^^^^
 21 |     drop y;
    |
  hint: declare bound 'a: 'b on function 'no_bound_flow_fails' or change the value flow so it is not required
error: at 38:5: [LT-LifetimeMismatch] In function 'reversed_chain_fails': this assignment requires lifetime bound 'a: 'c, but it is not implied by the declared bounds on function 'reversed_chain_fails'
    |
 37 |   entry:
 38 |     $return.* = copy x;
    |     ^^^^^^^^^^^^^^^^^^
 39 |     drop y;
    |
  hint: declare bound 'a: 'c on function 'reversed_chain_fails' or change the value flow so it is not required
error: at 61:5: [LT-LifetimeMismatch] In function 'named_into_static': this assignment requires lifetime bound 'a: 'static, but it is not implied by the declared bounds on function 'named_into_static'
    |
 60 |   entry:
 61 |     $return.* = copy x;
    |     ^^^^^^^^^^^^^^^^^^
 62 |     return
    |
  hint: declare bound 'a: 'static on function 'named_into_static' or change the value flow so it is not required
error: at 75:5: [LT-LifetimeMismatch] In function 'deep_chain_reversed': this assignment requires lifetime bound 'a: 'e, but it is not implied by the declared bounds on function 'deep_chain_reversed'
    |
 74 |   entry:
 75 |     $return.* = copy x;
    |     ^^^^^^^^^^^^^^^^^^
 76 |     return
    |
  hint: declare bound 'a: 'e on function 'deep_chain_reversed' or change the value flow so it is not required
error: at 89:5: [LT-LifetimeMismatch] In function 'diamond_d_into_a': this assignment requires lifetime bound 'd: 'a, but it is not implied by the declared bounds on function 'diamond_d_into_a'
    |
 88 |   entry:
 89 |     $return.* = copy x;
    |     ^^^^^^^^^^^^^^^^^^
 90 |     return
    |
  hint: declare bound 'd: 'a on function 'diamond_d_into_a' or change the value flow so it is not required
error: at 111:5: [LT-LifetimeEscape] In function 'caller_missing_bound': borrow escapes function: value with local (unnamed) region cannot be stored into region 'p
     |
 110 |     ret_out = &out $return.*;
 111 |     call callee_needs_bound(copy x, copy y, move ret_out);
     |     ^^^^^^^^^^^^^^^^^^^^^^^^^^^^^^^^^^^^^^^^^^^^^^^^^^^^^
 112 |     return
     |
error: at 129:5: [LT-LifetimeEscape] In function 'free_into_static': borrow escapes function: value with local (unnamed) region cannot be stored into region 'static
     |
 128 |     r = &x;
 129 |     $return.* = copy r;
     |     ^^^^^^^^^^^^^^^^^^
 130 |     return
     |
error: at 152:65: [LT-LifetimeMismatch] In function 'wrap2_missing_axiom': type 'W2' requires lifetime bound 'b: 'a, but it is not implied by the declared bounds on function 'wrap2_missing_axiom'
     |
 151 | 
 152 | fn<'a, 'b> wrap2_missing_axiom(x: &'a i64, y: &'b i64, $return: &out W2<'a, 'b>) {
     |                                                                 ^^^^^^^^^^^^^^^
 153 |   entry:
     |
  hint: declare bound 'b: 'a on function 'wrap2_missing_axiom' or change the value flow so it is not required
error: at 165:6: [LT-LifetimeMismatch] In function 'wrap2_local_missing_axiom': type 'W2' requires lifetime bound 'b: 'a, but it is not implied by the declared bounds on function 'wrap2_local_missing_axiom'
     |
 164 | fn<'a, 'b> wrap2_local_missing_axiom(x: &'a i64, y: &'b i64) {
 165 |   w: W2<'a, 'b>;
     |      ^^^^^^^^^^
 166 |   entry:
     |
  hint: declare bound 'b: 'a on function 'wrap2_local_missing_axiom' or change the value flow so it is not required
error: at 180:64: [LT-LifetimeMismatch] In function 'wrap2_reversed': type 'W2' requires lifetime bound 'a: 'b, but it is not implied by the declared bounds on function 'wrap2_reversed'
     |
 179 | # the closure. LT-LifetimeMismatch fires.
 180 | fn<'a, 'b: 'a> wrap2_reversed(x: &'b i64, y: &'a i64, $return: &out W2<'b, 'a>) {
     |                                                                ^^^^^^^^^^^^^^^
 181 |   entry:
     |
  hint: declare bound 'a: 'b on function 'wrap2_reversed' or change the value flow so it is not required
error: at 216:37: [LT-LifetimeMismatch] In function 'ref_wrap2_missing': type 'W2' requires lifetime bound 'b: 'a, but it is not implied by the declared bounds on function 'ref_wrap2_missing'
     |
 215 | # Fn declares no 'b:'a; LT-LifetimeMismatch fires.
 216 | fn<'a, 'b, 'r> ref_wrap2_missing(w: &'r W2<'a, 'b>, $return: &out &'a i64) {
     |                                     ^^^^^^^^^^^^^^
 217 |   entry:
     |
  hint: declare bound 'b: 'a on function 'ref_wrap2_missing' or change the value flow so it is not required
error: at 226:65: [LT-LifetimeMismatch] In function 'array_wrap2_missing': type 'W2' requires lifetime bound 'b: 'a, but it is not implied by the declared bounds on function 'array_wrap2_missing'
     |
 225 | # Same via `[W2<'a, 'b>; N]`.
 226 | fn<'a, 'b> array_wrap2_missing(x: &'a i64, y: &'b i64, $return: &out [W2<'a, 'b>; 1]) {
     |                                                                 ^^^^^^^^^^^^^^^^^^^^
 227 |   entry:
     |
  hint: declare bound 'b: 'a on function 'array_wrap2_missing' or change the value flow so it is not required
error: at 240:43: [LT-LifetimeMismatch] In function 'extern_wrap2_missing': type 'W2' requires lifetime bound 'b: 'a, but it is not implied by the declared bounds on function 'extern_wrap2_missing'
     |
 239 | # param type span even though the fn has no body.
 240 | extern fn<'a, 'b> extern_wrap2_missing(w: W2<'a, 'b>);
     |                                           ^^^^^^^^^^
 241 | 
     |
  hint: declare bound 'b: 'a on function 'extern_wrap2_missing' or change the value flow so it is not required
error: at 249:74: [LT-LifetimeMismatch] In function 'wrap2_static_target_missing': type 'W2' requires lifetime bound 'a: 'static, but it is not implied by the declared bounds on function 'wrap2_static_target_missing'
     |
 248 | # fires LT-LifetimeMismatch via the closure lookup.
 249 | fn<'a> wrap2_static_target_missing(s: &'static i64, x: &'a i64, $return: &out W2<'static, 'a>) {
     |                                                                          ^^^^^^^^^^^^^^^^^^^^
 250 |   entry:
     |
  hint: declare bound 'a: 'static on function 'wrap2_static_target_missing' or change the value flow so it is not required
error: at 280:5: [LT-LifetimeEscape] In function 'caller_no_static_axiom': borrow escapes function: value with local (unnamed) region cannot be stored into region 'static
     |
 279 |   entry:
 280 |     call callee_needs_static(copy y);
     |     ^^^^^^^^^^^^^^^^^^^^^^^^^^^^^^^^
 281 |     return
     |
error: at 304:38: [LT-LifetimeMismatch] In function 'ptr_cast_missing_axiom': type 'W2' requires lifetime bound 'b: 'a, but it is not implied by the declared bounds on function 'ptr_cast_missing_axiom'
     |
 303 | # depth for expression-only mentions.
 304 | fn<'a, 'b> ptr_cast_missing_axiom(x: *W2<'a, 'b>, $return: &out *W2<'a, 'b>) {
     |                                      ^^^^^^^^^^^
 305 |   entry:
     |
  hint: declare bound 'b: 'a on function 'ptr_cast_missing_axiom' or change the value flow so it is not required
error: at 334:5: [LT-LifetimeMismatch] In function 'pair_positional_missing': the call to 'needs_static' requires lifetime bound 'q: 'static, but it is not implied by the declared bounds on function 'pair_positional_missing'
     |
 333 |   entry:
 334 |     call needs_static(move p);
     |     ^^^^^^^^^^^^^^^^^^^^^^^^^
 335 |     return
     |
  hint: declare bound 'q: 'static on function 'pair_positional_missing' or change the value flow so it is not required
error: at 350:14: [LT-LifetimeMismatch] In function 'fn_value_missing_axiom': type 'W2' requires lifetime bound 'b: 'a, but it is not implied by the declared bounds on function 'fn_value_missing_axiom'
     |
 349 |   entry:
 350 |     g = sink<W2<'a, 'b>>;
     |              ^^^^^^^^^^
 351 |     abort
     |
  hint: declare bound 'b: 'a on function 'fn_value_missing_axiom' or change the value flow so it is not required
error: at 362:73: [LT-LifetimeMismatch] In function 'use_container_missing_axiom': type 'Container2' requires lifetime bound 'b: 'a, but it is not implied by the declared bounds on function 'use_container_missing_axiom'
     |
 361 | 
 362 | fn<'a, 'b> use_container_missing_axiom(x: &'a i64, y: &'b i64, $return: &out Container2<'a, 'b>) {
     |                                                                         ^^^^^^^^^^^^^^^^^^^^^^^
 363 |   entry:
     |
  hint: declare bound 'b: 'a on function 'use_container_missing_axiom' or change the value flow so it is not required
