error: at 277:22: [TC-UndeclaredLifetime] In struct 'BadStruct': outlives clause references undeclared lifetime 'z
     |
 276 | # 'z is not declared as a lifetime param; TC-UndeclaredLifetime fires.
 277 | struct BadStruct<'a: 'z>: Move { r: &'a i64 }
     |                      ^^
 278 | 
     |
error: at 430:34: [TC-InvalidDeclaredType] In struct 'WrongArity', field 'w': Type 'W2' expects 2 lifetime argument(s), got 1
     |
 429 | # mentions like `W2` are still tolerated (pending elision backfill).
 430 | struct WrongArity<'p>: Move { w: W2<'p> }
     |                                  ^^^^^^
 431 | 
     |
error: at 48:28: [TC-UndeclaredLifetime] In function 'undeclared_bound_lt': outlives clause references undeclared lifetime 'z
    |
 47 | # TC-UndeclaredLifetime points at the invalid bound itself.
 48 | fn undeclared_bound_lt<'a: 'z>(x: &'a i64, $return: &out &'a i64) {
    |                            ^^
 49 |   entry:
    |
error: at 457:36: [TC-InvalidDeclaredType] In function 'ptr_cast_wrong_arity': Type 'W2' expects 2 lifetime argument(s), got 1
     |
 456 |   entry:
 457 |     $return.* = ptr_cast(copy src, *W2<'a>);
     |                                    ^^^^^^^
 458 |     return
     |
error: at 516:35: [TC-ReservedLifetimeName] In function 'static_declared_as_param_fails': 'static is a reserved lifetime and cannot be declared as a parameter
     |
 515 | # re-bound.
 516 | fn static_declared_as_param_fails<'static: 'a, 'a>(x: &'a i64, $return: &out &'a i64) {
     |                                   ^^^^^^^^^^^
 517 |   entry:
     |
error: at 527:43: [TC-DuplicateLifetimeParam] In function 'duplicate_lifetime_param_fails': lifetime parameter 'a is declared more than once
     |
 526 | # TC-DuplicateLifetimeParam. The bounds don't matter for the check.
 527 | fn duplicate_lifetime_param_fails<'a: 'b, 'a: 'b, 'b>(
     |                                           ^^^^^^
 528 |   x: &'a i64,
     |
error: at 333:40: [LT-LifetimeMismatch] type 'W2' requires lifetime bound 'b: 'a, but it is not implied by the declared bounds on struct 'OuterBad'
     |
 332 | # at the field type span.
 333 | struct OuterBad<'a, 'b>: Move { inner: W2<'a, 'b> }
     |                                        ^^^^^^^^^^
 334 | 
     |
  hint: declare bound 'b: 'a on struct 'OuterBad' or change the value flow so it is not required
error: at 344:35: [LT-LifetimeMismatch] type 'W2' requires lifetime bound 'b: 'a, but it is not implied by the declared bounds on enum 'EitherBad'
     |
 343 | # Same shape, but the mention is on an enum variant payload.
 344 | enum EitherBad<'a, 'b>: Move { L: W2<'a, 'b>, R: &'a i64 }
     |                                   ^^^^^^^^^^
 345 | 
     |
  hint: declare bound 'b: 'a on enum 'EitherBad' or change the value flow so it is not required
error: at 401:46: [LT-LifetimeMismatch] type 'W2' requires lifetime bound 'a: 'static, but it is not implied by the declared bounds on struct 'BadStaticContainer'
     |
 400 | # 'a: 'static nor 'a as static-bounded. Decl wf fires.
 401 | struct BadStaticContainer<'a>: Move { inner: W2<'static, 'a> }
     |                                              ^^^^^^^^^^^^^^^
 402 | 
     |
  hint: declare bound 'a: 'static on struct 'BadStaticContainer' or change the value flow so it is not required
error: at 588:14: [LT-LifetimeMismatch] trait 'QualifiedTraitHeaderBound<'a, 'b>' requires lifetime bound 'b: 'a, but it is not implied by the declared bounds on this impl
     |
 587 | # covers: an impl header must satisfy its trait path's lifetime bounds
 588 | impl<'a, 'b> QualifiedTraitHeaderBound<'a, 'b> for InvalidHeaderReceiver<'a, 'b> {
     |              ^^^^^^^^^^^^^^^^^^^^^^^^^
 589 |   fn invoke(recv: &InvalidHeaderReceiver<'a, 'b>) {
     |
  hint: declare bound 'b: 'a on this impl
error: at 20:5: [LT-LifetimeMismatch] In function 'no_bound_flow_fails': this assignment requires lifetime bound 'a: 'b, but it is not implied by the declared bounds on function 'no_bound_flow_fails'
    |
 19 |   entry:
 20 |     $return.* = copy x;
    |     ^^^^^^^^^^^^^^^^^^
 21 |     drop y;
    |
  hint: declare bound 'a: 'b on function 'no_bound_flow_fails' or change the value flow so it is not required
error: at 38:5: [LT-LifetimeMismatch] In function 'reversed_chain_fails': this assignment requires lifetime bound 'a: 'c, but it is not implied by the declared bounds on function 'reversed_chain_fails'
    |
 37 |   entry:
 38 |     $return.* = copy x;
    |     ^^^^^^^^^^^^^^^^^^
 39 |     drop y;
    |
  hint: declare bound 'a: 'c on function 'reversed_chain_fails' or change the value flow so it is not required
error: at 61:5: [LT-LifetimeMismatch] In function 'named_into_static': this assignment requires lifetime bound 'a: 'static, but it is not implied by the declared bounds on function 'named_into_static'
    |
 60 |   entry:
 61 |     $return.* = copy x;
    |     ^^^^^^^^^^^^^^^^^^
 62 |     return
    |
  hint: declare bound 'a: 'static on function 'named_into_static' or change the value flow so it is not required
error: at 75:5: [LT-LifetimeMismatch] In function 'deep_chain_reversed': this assignment requires lifetime bound 'a: 'e, but it is not implied by the declared bounds on function 'deep_chain_reversed'
    |
 74 |   entry:
 75 |     $return.* = copy x;
    |     ^^^^^^^^^^^^^^^^^^
 76 |     return
    |
  hint: declare bound 'a: 'e on function 'deep_chain_reversed' or change the value flow so it is not required
error: at 89:5: [LT-LifetimeMismatch] In function 'diamond_d_into_a': this assignment requires lifetime bound 'd: 'a, but it is not implied by the declared bounds on function 'diamond_d_into_a'
    |
 88 |   entry:
 89 |     $return.* = copy x;
    |     ^^^^^^^^^^^^^^^^^^
 90 |     return
    |
  hint: declare bound 'd: 'a on function 'diamond_d_into_a' or change the value flow so it is not required
error: at 113:5: [LT-LifetimeMismatch] In function 'caller_missing_bound': the call to 'callee_needs_bound' requires lifetime bound 'q: 'p, but it is not implied by the declared bounds on function 'caller_missing_bound'
     |
 112 |     ret_out = &out $return.*;
 113 |     call callee_needs_bound(copy x, copy y, move ret_out);
     |     ^^^^^^^^^^^^^^^^^^^^^^^^^^^^^^^^^^^^^^^^^^^^^^^^^^^^^
 114 |     return
     |
  hint: declare bound 'q: 'p on function 'caller_missing_bound' or change the value flow so it is not required
error: at 154:5: [LT-LifetimeMismatch] In function 'inherent_caller_missing_bound': the call to '<CallReceiver<'p>>::inherent_needs<'p, 'q>' requires lifetime bound 'q: 'p, but it is not implied by the declared bounds on function 'inherent_caller_missing_bound'
     |
 153 |   entry:
 154 |     call <CallReceiver<'p>>::inherent_needs<'p, 'q>(copy recv, copy x, copy y);
     |     ^^^^^^^^^^^^^^^^^^^^^^^^^^^^^^^^^^^^^^^^^^^^^^^^^^^^^^^^^^^^^^^^^^^^^^^^^^
 155 |     return
     |
  hint: declare bound 'q: 'p on function 'inherent_caller_missing_bound' or change the value flow so it is not required
error: at 165:5: [LT-LifetimeMismatch] In function 'trait_caller_missing_bound': the call to '<CallReceiver<'p> as QualifiedNeedsBound>::trait_needs<'p, 'q>' requires lifetime bound 'q: 'p, but it is not implied by the declared bounds on function 'trait_caller_missing_bound'
     |
 164 |   entry:
 165 |     call <CallReceiver<'p> as QualifiedNeedsBound>::trait_needs<'p, 'q>(
     |     ^
 166 |       copy recv,
     |
  hint: declare bound 'q: 'p on function 'trait_caller_missing_bound' or change the value flow so it is not required
error: at 199:5: [LT-LifetimeMismatch] In function 'trait_header_caller_missing_bound': the call to '<HeaderReceiver<'p, 'q> as QualifiedTraitHeaderBound<'p, 'q>>::invoke' requires lifetime bound 'q: 'p, but it is not implied by the declared bounds on function 'trait_header_caller_missing_bound'
     |
 198 |   entry:
 199 |     call <HeaderReceiver<'p, 'q> as QualifiedTraitHeaderBound<'p, 'q>>::invoke(copy recv);
     |     ^^^^^^^^^^^^^^^^^^^^^^^^^^^^^^^^^^^^^^^^^^^^^^^^^^^^^^^^^^^^^^^^^^^^^^^^^^^^^^^^^^^^^
 200 |     return
     |
  hint: declare bound 'q: 'p on function 'trait_header_caller_missing_bound' or change the value flow so it is not required
error: at 206:5: [LT-LifetimeMismatch] In function 'impl_header_caller_missing_bound': the call to '<HeaderReceiver<'p, 'q>>::inherent_header' requires lifetime bound 'q: 'p, but it is not implied by the declared bounds on function 'impl_header_caller_missing_bound'
     |
 205 |   entry:
 206 |     call <HeaderReceiver<'p, 'q>>::inherent_header(copy recv);
     |     ^^^^^^^^^^^^^^^^^^^^^^^^^^^^^^^^^^^^^^^^^^^^^^^^^^^^^^^^^
 207 |     return
     |
  hint: declare bound 'q: 'p on function 'impl_header_caller_missing_bound' or change the value flow so it is not required
error: at 225:5: [LT-LifetimeMismatch] In function 'inherent_impl_type_missing_bound': the call to '<ImplTypeReceiver<&'p i64>>::accept_impl_type' requires lifetime bound 'q: 'p, but it is not implied by the declared bounds on function 'inherent_impl_type_missing_bound'
     |
 224 |   entry:
 225 |     call <ImplTypeReceiver<&'p i64>>::accept_impl_type(copy recv, copy value);
     |     ^^^^^^^^^^^^^^^^^^^^^^^^^^^^^^^^^^^^^^^^^^^^^^^^^^^^^^^^^^^^^^^^^^^^^^^^^
 226 |     return
     |
  hint: declare bound 'q: 'p on function 'inherent_impl_type_missing_bound' or change the value flow so it is not required
error: at 248:5: [LT-LifetimeMismatch] In function 'trait_method_type_missing_bound': the call to '<MethodTypeReceiver as GenericMethod>::accept_method_type<&'p i64>' requires lifetime bound 'q: 'p, but it is not implied by the declared bounds on function 'trait_method_type_missing_bound'
     |
 247 |   entry:
 248 |     call <MethodTypeReceiver as GenericMethod>::accept_method_type<&'p i64>(
     |     ^
 249 |       copy recv,
     |
  hint: declare bound 'q: 'p on function 'trait_method_type_missing_bound' or change the value flow so it is not required
error: at 269:5: [LT-LifetimeEscape] In function 'free_into_static': borrow escapes function: value with local (unnamed) region cannot be stored into region 'static
     |
 268 |     r = &x;
 269 |     $return.* = copy r;
     |     ^^^^^^^^^^^^^^^^^^
 270 |     return
     |
error: at 292:70: [LT-LifetimeMismatch] In function 'wrap2_missing_axiom': type 'W2' requires lifetime bound 'b: 'a, but it is not implied by the declared bounds on function 'wrap2_missing_axiom'
     |
 291 | 
 292 | fn wrap2_missing_axiom<'a, 'b>(x: &'a i64, y: &'b i64, $return: &out W2<'a, 'b>) {
     |                                                                      ^^^^^^^^^^
 293 |   entry:
     |
  hint: declare bound 'b: 'a on function 'wrap2_missing_axiom' or change the value flow so it is not required
error: at 305:6: [LT-LifetimeMismatch] In function 'wrap2_local_missing_axiom': type 'W2' requires lifetime bound 'b: 'a, but it is not implied by the declared bounds on function 'wrap2_local_missing_axiom'
     |
 304 | fn wrap2_local_missing_axiom<'a, 'b>(x: &'a i64, y: &'b i64) {
 305 |   w: W2<'a, 'b>;
     |      ^^^^^^^^^^
 306 |   entry:
     |
  hint: declare bound 'b: 'a on function 'wrap2_local_missing_axiom' or change the value flow so it is not required
error: at 320:69: [LT-LifetimeMismatch] In function 'wrap2_reversed': type 'W2' requires lifetime bound 'a: 'b, but it is not implied by the declared bounds on function 'wrap2_reversed'
     |
 319 | # the closure. LT-LifetimeMismatch fires.
 320 | fn wrap2_reversed<'a, 'b: 'a>(x: &'b i64, y: &'a i64, $return: &out W2<'b, 'a>) {
     |                                                                     ^^^^^^^^^^
 321 |   entry:
     |
  hint: declare bound 'a: 'b on function 'wrap2_reversed' or change the value flow so it is not required
error: at 356:41: [LT-LifetimeMismatch] In function 'ref_wrap2_missing': type 'W2' requires lifetime bound 'b: 'a, but it is not implied by the declared bounds on function 'ref_wrap2_missing'
     |
 355 | # Fn declares no 'b:'a; LT-LifetimeMismatch fires.
 356 | fn ref_wrap2_missing<'a, 'b, 'r>(w: &'r W2<'a, 'b>, $return: &out &'a i64) {
     |                                         ^^^^^^^^^^
 357 |   entry:
     |
  hint: declare bound 'b: 'a on function 'ref_wrap2_missing' or change the value flow so it is not required
error: at 366:71: [LT-LifetimeMismatch] In function 'array_wrap2_missing': type 'W2' requires lifetime bound 'b: 'a, but it is not implied by the declared bounds on function 'array_wrap2_missing'
     |
 365 | # Same via `[W2<'a, 'b>; N]`.
 366 | fn array_wrap2_missing<'a, 'b>(x: &'a i64, y: &'b i64, $return: &out [W2<'a, 'b>; 1]) {
     |                                                                       ^^^^^^^^^^
 367 |   entry:
     |
  hint: declare bound 'b: 'a on function 'array_wrap2_missing' or change the value flow so it is not required
error: at 380:43: [LT-LifetimeMismatch] In function 'extern_wrap2_missing': type 'W2' requires lifetime bound 'b: 'a, but it is not implied by the declared bounds on function 'extern_wrap2_missing'
     |
 379 | # param type span even though the fn has no body.
 380 | extern fn extern_wrap2_missing<'a, 'b>(w: W2<'a, 'b>);
     |                                           ^^^^^^^^^^
 381 | 
     |
  hint: declare bound 'b: 'a on function 'extern_wrap2_missing' or change the value flow so it is not required
error: at 389:79: [LT-LifetimeMismatch] In function 'wrap2_static_target_missing': type 'W2' requires lifetime bound 'a: 'static, but it is not implied by the declared bounds on function 'wrap2_static_target_missing'
     |
 388 | # fires LT-LifetimeMismatch via the closure lookup.
 389 | fn wrap2_static_target_missing<'a>(s: &'static i64, x: &'a i64, $return: &out W2<'static, 'a>) {
     |                                                                               ^^^^^^^^^^^^^^^
 390 |   entry:
     |
  hint: declare bound 'a: 'static on function 'wrap2_static_target_missing' or change the value flow so it is not required
error: at 420:5: [LT-LifetimeMismatch] In function 'caller_no_static_axiom': the call to 'callee_needs_static' requires lifetime bound 'p: 'static, but it is not implied by the declared bounds on function 'caller_no_static_axiom'
     |
 419 |   entry:
 420 |     call callee_needs_static(copy y);
     |     ^^^^^^^^^^^^^^^^^^^^^^^^^^^^^^^^
 421 |     return
     |
  hint: declare bound 'p: 'static on function 'caller_no_static_axiom' or change the value flow so it is not required
error: at 444:39: [LT-LifetimeMismatch] In function 'ptr_cast_missing_axiom': type 'W2' requires lifetime bound 'b: 'a, but it is not implied by the declared bounds on function 'ptr_cast_missing_axiom'
     |
 443 | # depth for expression-only mentions.
 444 | fn ptr_cast_missing_axiom<'a, 'b>(x: *W2<'a, 'b>, $return: &out *W2<'a, 'b>) {
     |                                       ^^^^^^^^^^
 445 |   entry:
     |
  hint: declare bound 'b: 'a on function 'ptr_cast_missing_axiom' or change the value flow so it is not required
error: at 474:5: [LT-LifetimeMismatch] In function 'pair_positional_missing': the call to 'needs_static' requires lifetime bound 'q: 'static, but it is not implied by the declared bounds on function 'pair_positional_missing'
     |
 473 |   entry:
 474 |     call needs_static(move p);
     |     ^^^^^^^^^^^^^^^^^^^^^^^^^
 475 |     return
     |
  hint: declare bound 'q: 'static on function 'pair_positional_missing' or change the value flow so it is not required
error: at 490:14: [LT-LifetimeMismatch] In function 'fn_value_missing_axiom': type 'W2' requires lifetime bound 'b: 'a, but it is not implied by the declared bounds on function 'fn_value_missing_axiom'
     |
 489 |   entry:
 490 |     g = sink<W2<'a, 'b>>;
     |              ^^^^^^^^^^
 491 |     abort
     |
  hint: declare bound 'b: 'a on function 'fn_value_missing_axiom' or change the value flow so it is not required
error: at 502:78: [LT-LifetimeMismatch] In function 'use_container_missing_axiom': type 'Container2' requires lifetime bound 'b: 'a, but it is not implied by the declared bounds on function 'use_container_missing_axiom'
     |
 501 | 
 502 | fn use_container_missing_axiom<'a, 'b>(x: &'a i64, y: &'b i64, $return: &out Container2<'a, 'b>) {
     |                                                                              ^^^^^^^^^^^^^^^^^^
 503 |   entry:
     |
  hint: declare bound 'b: 'a on function 'use_container_missing_axiom' or change the value flow so it is not required
error: at 544:5: [LT-LifetimeMismatch] In function 'elided_bound_names_are_distinct': this assignment requires lifetime bound '1: '2, but it is not implied by the declared bounds on function 'elided_bound_names_are_distinct'
     |
 541 | # into the meaningless `'_ : '_`.
 542 | fn elided_bound_names_are_distinct(x: &i64, y: &i64) {
     |                                       ----     ----
     |                                       |        |-- the lifetime of this reference is called '2 in this diagnostic
     |                                       |-- the lifetime of this reference is called '1 in this diagnostic
 543 |   entry:
 544 |     y = copy x;
     |     ^^^^^^^^^^
 545 |     drop x;
     |
  hint: declare bound '1: '2 on function 'elided_bound_names_are_distinct' or change the value flow so it is not required
error: at 564:5: [LT-LifetimeMismatch] In function 'nested_ref_lifetime_mismatch': this assignment requires lifetime bound 'inner_src: 'inner_tgt, but it is not implied by the declared bounds on function 'nested_ref_lifetime_mismatch'
     |
 563 |   entry:
 564 |     $return.* = copy x;
     |     ^^^^^^^^^^^^^^^^^^
 565 |     return
     |
  hint: declare bound 'inner_src: 'inner_tgt on function 'nested_ref_lifetime_mismatch' or change the value flow so it is not required
error: at 577:7: [LT-LifetimeMismatch] In function '<BadImplLifetimeHost as BadImplLifetimeFlow<'a, 'b>>::flow': this assignment requires lifetime bound 'a: 'b, but it is not implied by the declared bounds on function '<BadImplLifetimeHost as BadImplLifetimeFlow<'a, 'b>>::flow'
     |
 576 |     entry:
 577 |       $return.* = copy x;
     |       ^^^^^^^^^^^^^^^^^^
 578 |       return
     |
  hint: declare bound 'a: 'b on function '<BadImplLifetimeHost as BadImplLifetimeFlow<'a, 'b>>::flow' or change the value flow so it is not required
