error: at 8:11: [HTC-UndeclaredVariable] In function 'test_silenced_error': undeclared variable 'undeclared_var'
   |
 7 |   # This infers 'x' as TypeKind::Error to poison the local variable.
 8 |   let x = undeclared_var;
   |           ^^^^^^^^^^^^^^
 9 | 
   |
error: at 18:16: [HTC-TypeMismatch] In function 'test_int_var_mismatch_with_float': type mismatch: expected integer type, found f64
    |
 17 |   let x = 42;
 18 |   let y: f64 = x;
    |                ^
 19 | }
    |
error: at 23:16: [HTC-TypeMismatch] In function 'test_float_var_mismatch_with_int': type mismatch: expected float type, found i64
    |
 22 |   let x = 42.2;
 23 |   let y: i64 = x;
    |                ^
 24 | }
    |
error: at 29:11: [HTC-UndeclaredVariable] In function 'test_undeclared_variable': undeclared variable 'y'
    |
 28 | fn test_undeclared_variable() -> i64 {
 29 |   let x = y;
    |           ^
 30 |   x
    |
error: at 39:3: [HTC-TypeMismatch] In function 'test_return_type_mismatch': type mismatch: expected bool, found i64
    |
 38 | fn test_return_type_mismatch() -> i64 {
 39 |   true
    |   ^^^^
 40 | }
    |
error: at 45:9: [HTC-TypeMismatch] In function 'test_defer_type_mismatch': type mismatch: expected integer type, found unit
    |
 44 | fn test_defer_type_mismatch() {
 45 |   defer 42;
    |         ^^
 46 | }
    |
error: at 53:3: [HTC-EmptySwitch] In function 'test_empty_match': empty switch expression
    |
 52 | fn test_empty_match(value: One) -> i64 {
 53 |   value match {}
    |   ^^^^^^^^^^^^^^
 54 | }
    |
error: at 61:8: [HTC-UnknownAbi] In function 'win_api': unknown extern ABI "system" — expected "C" or bare extern
    |
 60 | # `hll_hello_world_via_write.si` uses `extern "C" unsafe fn`.
 61 | extern "system" fn win_api(x: i64);
    |        ^^^^^^^^
 62 | extern "fastcall" fn stdcall_thing(y: i64);
    |
error: at 62:8: [HTC-UnknownAbi] In function 'stdcall_thing': unknown extern ABI "fastcall" — expected "C" or bare extern
    |
 61 | extern "system" fn win_api(x: i64);
 62 | extern "fastcall" fn stdcall_thing(y: i64);
    |        ^^^^^^^^^^
 63 | 
    |
error: at 66:8: [HTC-UnknownAbi] In function 'spelled_silica': the Silica ABI is the default; omit the ABI string
    |
 65 | # explicitly is rejected.
 66 | extern "Silica" fn spelled_silica(x: i64);
    |        ^^^^^^^^
 67 | 
    |
error: at 72:1: [HTC-InvalidFnModifiers] In function 'c_without_unsafe': extern "C" function 'c_without_unsafe' must be unsafe
    |
 71 | # calls carry FFI obligations.
 72 | extern "C" fn c_without_unsafe(x: i64);
    | ^^^^^^^^^^^^^^^^^^^^^^^^^^^^^^^^^^^^^^^
 73 | 
    |
error: at 76:1: [HTC-InvalidFnModifiers] In function 'silica_marked_unsafe': extern Silica function 'silica_marked_unsafe' cannot be unsafe; safe by import contract
    |
 75 | # is safe by import contract.
 76 | extern unsafe fn silica_marked_unsafe(x: i64);
    | ^^^^^^^^^^^^^^^^^^^^^^^^^^^^^^^^^^^^^^^^^^^^^^
 77 | 
    |
error: at 80:1: [HTC-InvalidFnModifiers] In function 'c_defined': non-Silica ABI on defined function 'c_defined' not yet supported
    |
 79 | # compatible signature) is reserved for the ABI-in-type work.
 80 | "C" fn c_defined() { unit }
    | ^^^^^^^^^^^^^^^^^^^^^^^^^^^
 81 | 
    |
error: at 87:49: [HTC-UnaryOpInvalidOperand] In function 'test_unary_neg_on_unsigned': unary '-' requires a signed integer or float operand, found u64
    |
 86 | # in the `Neg` arm of `to_i64`.
 87 | fn test_unary_neg_on_unsigned(x: u64) -> u64 { -x }
    |                                                 ^
 88 | fn test_unary_neg_on_bool(b: bool) -> bool { -b }
    |
error: at 88:47: [HTC-UnaryOpInvalidOperand] In function 'test_unary_neg_on_bool': unary '-' requires a signed integer or float operand, found bool
    |
 87 | fn test_unary_neg_on_unsigned(x: u64) -> u64 { -x }
 88 | fn test_unary_neg_on_bool(b: bool) -> bool { -b }
    |                                               ^
 89 | 
    |
error: at 96:3: [HTC-ExpectedFunction] In function 'test_non_callable_field': expected function type, found i64
    |
 95 | fn test_non_callable_field(value: NonCallableField) {
 96 |   value.invoke(1);
    |   ^^^^^^^^^^^^^^^
 97 | }
    |
error: at 110:5: [HTC-TypeMismatch] In function '<TraitBodyTarget as BadTraitBody>::value': type mismatch: expected bool, found i64
     |
 109 |   fn value(recv: &Self) -> i64 {
 110 |     false
     |     ^^^^^
 111 |   }
     |
error: at 117:5: [HTC-TypeMismatch] In function '<TraitBodyTarget>::inherent_value': type mismatch: expected bool, found i64
     |
 116 |   fn inherent_value(recv: &Self) -> i64 {
 117 |     false
     |     ^^^^^
 118 |   }
     |
error: at 2:11: [HTC-AmbiguousType] In function 'test_ambiguous_type': type annotations needed: type of expression is ambiguous (could not resolve type variable in [?0; 0])
   |
 1 | fn test_ambiguous_type() {
 2 |   let x = [];
   |           ^^
 3 | }
   |
error: at 122:18: [HTC-AmbiguousType] In function '<TraitBodyTarget>::ambiguous_local': type annotations needed: type of expression is ambiguous (could not resolve type variable in [?6; 0])
     |
 121 |   fn ambiguous_local(recv: &Self) {
 122 |     let values = [];
     |                  ^^
 123 |   }
     |
