error: at 33:5: [SUB-CopyOfNonCopy] In function 'copy_whole_while_partial', block 'entry': cannot copy non-Copy type P
    |
 32 |     p.x = 1;
 33 |     q = copy p;
    |     ^^^^^^^^^^
 34 |     return
    |
  hint: since the type is not Copy, try moving it instead using 'move'
error: at 33:5: [PS-UsePartiallyInit] In function 'copy_whole_while_partial', block 'entry': variable 'p' is not fully initialized here
    |
 32 |     p.x = 1;
 33 |     q = copy p;
    |     ^^^^^^^^^^
 34 |     return
    |
error: at 47:5: [PS-UseBeforeInit] In function 'read_never_init_field', block 'entry': variable 'p' is used before initialization
    |
 46 |     p.x = 1;
 47 |     a = copy p.y;
    |     ^^^^^^^^^^^^
 48 |     return
    |
error: at 60:5: [PS-UseAfterMove] In function 'read_moved_field', block 'entry': variable 'p' is used after move
    |
 59 |     a = move p.x;
 60 |     b = move p.x;
    |     ^^^^^^^^^^^^
 61 |     return
    |
error: at 74:5: [PS-UseBeforeInit] In function 'nested_read_uninit_leaf', block 'entry': variable 'o' is used before initialization
    |
 73 |     o.c = 3;
 74 |     n = copy o.i.b;
    |     ^^^^^^^^^^^^^^
 75 |     return
    |
error: at 85:5: [PS-UseBeforeInit] In function 'array_read_uninit_slot', block 'entry': variable 'a' is used before initialization
    |
 84 |     a[0] = 1;
 85 |     b = copy a[1];
    |     ^^^^^^^^^^^^^
 86 |     return
    |
error: at 96:5: [PS-UsePartiallyInit] In function 'array_read_whole_while_partial', block 'entry': variable 'a' is not fully initialized here
    |
 95 |     a[0] = 1;
 96 |     b = copy a;
    |     ^^^^^^^^^^
 97 |     return
    |
error: at 118:5: [PS-UsePartiallyInit] In function 'loop_carried_partial', block 'exit': variable 'p' is not fully initialized here
     |
 117 |   exit:
 118 |     a = copy p;
     |     ^^^^^^^^^^
 119 |     return
     |
error: at 131:5: [PS-UseBeforeInit] In function 'pair_read_uninit_param_field', block 'entry': variable 'p' is used before initialization
     |
 130 |     p.a = move a;
 131 |     x = copy p.b;
     |     ^^^^^^^^^^^^
 132 |     return
     |
error: at 34:5: [PS-ReturnValueLeak] In function 'copy_whole_while_partial', block 'entry': value 'q' of type P is not consumed at return
    |
 29 |   p: P;
 30 |   q: P;
    |   ----- variable declared here
 31 |   entry:
    |
    | ...
    |
 33 |     q = copy p;
 34 |     return
    |     ^^^^^^
 35 | }
    |
  hint: linear values must be consumed or returned before function exit. Try moving or dropping it.
