error: at 6:13: [LT-LoanConflict] In function 'f': cannot write to 'x': already borrowed by 'r'
   |
 6 |             x = 2;
   |             ^^^^^
  = note: borrow of 'x' occurs here
   |
 4 |             let r = &x;
   |                     ^^
  hint: the borrow of 'r' is active until its last use or explicit unborrow.
